AREA .  .ABS.
	RADIX HEX
	BASE 0000
	SIZE 0000
	ATTRIB ABS OVR
	GLOBALS
		l__HEAP	0000
		l__BSEG	0000
		l_.  .ABS.	0000
		l__GSFINAL	0000
		l__ISEG	0000
		s_.  .ABS.	0000
		s__HEADER	0000
		l__XSEG	0000
		.init	0000
		l__OVERLAY	0000
		l__LIT	0000
		s__SFR	0000
		l__GSINITTAIL	0001
		l__BSS	0084
		l__HOME	01AC
		l__HEADER	01EB
		s__CODE	0200
		l__DATA	0460
		l__CODE	0CDE
		s__HOME	0EDE
		s__BASE	108A
		l__GSINIT	199E
		l__BASE	1C09
		s__LIT	2C93
		s__GSINIT	2C93
		s__GSINITTAIL	4631
		s__GSFINAL	4632
		.OAM	C000
		s__DATA	C0A0
		s__BSS	C500
		s__HEAP	C584
		s__BSEG	C584
		s__ISEG	C584
		s__XSEG	C584
		s__OVERLAY	C584
		.STACK	E000
		.refresh_OAM	FF80
		l__SFR	10000
AREA _CODE
	RADIX HEX
	BASE 0200
	SIZE 0CDE
	ATTRIB REL CON
	GLOBALS
		_movegamecharacter	0200
		_setupkirby	028A
		_setupsmiley	0384
		_setupbomb	0417
		_wouldhitsurface	04AA
		_jump	04BF
		_main	0553
		_putchar	076D
		_setchar	0776
		_gotoxy	077F
		_posx	078A
		_posy	079B
		.adv_gcurs	07AC
		.circle	07C9
		.horlin	086C
		.verlin	08A4
		.circplot	0900
		.box	097E
		.line	0A54
		.xonly	0B75
		.yonly	0CC4
		.plot	0CE5
		.wrbyte	0D02
		.getpix	0D84
		.wrtchr	0DB9
		_gotogxy	0E1D
		_wrtchr	0E28
		_getpix	0E3D
		_color	0E49
		_circle	0E58
		_box	0E72
		_line	0E96
		_plot_point	0EAE
		_plot	0EC2
AREA _HEADER
	RADIX HEX
	BASE 0000
	SIZE 01EB
	ATTRIB ABS OVR
	GLOBALS
		_exit	01D2
AREA _HOME
	RADIX HEX
	BASE 0EDE
	SIZE 01AC
	ATTRIB REL CON
	GLOBALS
		.set_mode	0EDE
		.remove_VBL	0EEE
		.remove_LCD	0EF4
		.remove_TIM	0EFA
		.remove_SIO	0F00
		.remove_JOY	0F06
		.add_VBL	0F0C
		.add_LCD	0F12
		.add_TIM	0F18
		.add_SIO	0F1E
		.add_JOY	0F24
		.remove_int	0F2A
		.add_int	0F4A
		.wait_vbl_done	0F66
		_wait_vbl_done	0F66
		_display_off	0F7D
		.display_off	0F7D
		.serial_IO	0F9E
		_mode	0FCD
		_get_mode	0FD6
		_enable_interrupts	0FDB
		_disable_interrupts	0FDD
		_reset	0FDF
		.reset	0FDF
		_set_interrupts	0FE5
		_remove_VBL	0FF0
		_remove_LCD	0FFB
		_remove_TIM	1006
		_remove_SIO	1011
		_remove_JOY	101C
		_add_VBL	1027
		_add_LCD	1032
		_add_TIM	103D
		_add_SIO	1048
		_add_JOY	1053
		_clock	105E
		__printTStates	1067
		banked_call	1068
		banked_ret	1081
AREA _BASE
	RADIX HEX
	BASE 108A
	SIZE 1C09
	ATTRIB REL CON
	GLOBALS
		.mv_sprite	108A
		_move_sprite	1099
		_font_spect	10A6
		_set_win_data	1428
		_set_bkg_data	1428
		_set_sprite_data	1475
		_font_load_ibm_fixed	14A4
		_font_ibm_fixed	14AB
		_font_ibm_fixed_tiles	15AD
		.padup	1DAD
		_waitpadup	1DAD
		.jpad	1DBD
		.wait_pad	1DEA
		_joypad	1DF1
		_waitpad	1DF6
		_move_bkg	1E00
		_font_italic	1E09
		_font_ibm	2173
		.set_sprite_tile	24F5
		_set_sprite_tile	2502
		.delay	250D
		_delay	2547
		font_copy_uncompressed	2550
		font_copy_compressed	2586
		font_load	25DB
		font_copy_current	2623
		font_set	266B
		.put_char	2678
		.out_char	2691
		.del_char	2698
		_font_load	26F3
		_font_set	2701
		_font_init	2710
		_cls	2732
		.cls	2732
		.cr_curs	2764
		.adv_curs	2779
		.tmode	27D5
		.tmode_out	27FE
		_font_min	280E
		.copy_vram	29B8
		_get_data	29C7
		_set_data	29C7
		_set_bkg_tiles	29DA
		.gmode	29EE
		.vbl	2A50
		.lcd	2A5B
		.draw_image	2A68
		.switch_data	2A72
		_switch_data	2AA9
		_draw_image	2AC4
		.y_table	2AD7
		.set_xy_wtt	2BF7
		.set_xy_btt	2C08
		.set_xy_tt	2C17
		_set_tiles	2C48
		.init_vram	2C61
		.init_wtt	2C6F
		.init_btt	2C7F
		.init_tt	2C8D
AREA _LIT
	RADIX HEX
	BASE 2C93
	SIZE 0000
	ATTRIB REL CON
AREA _GSINIT
	RADIX HEX
	BASE 2C93
	SIZE 199E
	ATTRIB REL CON
	GLOBALS
		gsinit	2C93
AREA _GSINITTAIL
	RADIX HEX
	BASE 4631
	SIZE 0001
	ATTRIB REL CON
AREA _GSFINAL
	RADIX HEX
	BASE 4632
	SIZE 0000
	ATTRIB REL CON
AREA _DATA
	RADIX HEX
	BASE C0A0
	SIZE 0460
	ATTRIB REL CON
	GLOBALS
		_bricks	C0A0
		_lair	C150
		_kirbs16	C420
		_jumping	C4E0
		_gravity	C4E1
		_currentspeedY	C4E2
		_floorYposition	C4E3
		_spritesize	C4E4
		_spritestate	C4E5
		_speedx	C4E6
		_fallspeed	C4E7
		_kirby	C4E8
		_smiley	C4F0
		_bomb	C4F8
AREA _BSS
	RADIX HEX
	BASE C500
	SIZE 0084
	ATTRIB REL CON
	GLOBALS
		__cpu	C500
		.mode	C501
		__io_out	C502
		__io_in	C503
		__io_status	C504
		.vbl_done	C505
		__current_bank	C506
		_sys_time	C507
		.sys_time	C507
		.int_0x40	C509
		.int_0x48	C519
		.int_0x50	C529
		.int_0x58	C539
		.int_0x60	C549
		font_current	C559
		font_first_free_tile	C55C
		font_table	C55D
		.curx	C56F
		.cury	C570
		.fg_colour	C571
		.bg_colour	C572
AREA _HEAP
	RADIX HEX
	BASE C584
	SIZE 0000
	ATTRIB REL CON
	GLOBALS
		_malloc_heap_start	C584
AREA _OVERLAY
	RADIX HEX
	BASE C584
	SIZE 0000
	ATTRIB REL CON
AREA _ISEG
	RADIX HEX
	BASE C584
	SIZE 0000
	ATTRIB REL CON
AREA _BSEG
	RADIX HEX
	BASE C584
	SIZE 0000
	ATTRIB REL CON
AREA _XSEG
	RADIX HEX
	BASE C584
	SIZE 0000
	ATTRIB REL CON
AREA _SFR
	RADIX HEX
	BASE 0000
	SIZE 10000
	ATTRIB ABS OVR
	GLOBALS
		_P1_REG	FF00
		_SB_REG	FF01
		_SC_REG	FF02
		_DIV_REG	FF04
		_TIMA_REG	FF05
		_TMA_REG	FF06
		_TAC_REG	FF07
		_IF_REG	FF0F
		_NR10_REG	FF10
		_NR11_REG	FF11
		_NR12_REG	FF12
		_NR13_REG	FF13
		_NR14_REG	FF14
		_NR21_REG	FF16
		_NR22_REG	FF17
		_NR23_REG	FF18
		_NR24_REG	FF19
		_NR30_REG	FF1A
		_NR31_REG	FF1B
		_NR32_REG	FF1C
		_NR33_REG	FF1D
		_NR34_REG	FF1E
		_NR41_REG	FF20
		_NR42_REG	FF21
		_NR43_REG	FF22
		_NR44_REG	FF23
		_NR50_REG	FF24
		_NR51_REG	FF25
		_NR52_REG	FF26
		_LCDC_REG	FF40
		_STAT_REG	FF41
		_SCY_REG	FF42
		_SCX_REG	FF43
		_LY_REG	FF44
		_LYC_REG	FF45
		_DMA_REG	FF46
		_BGP_REG	FF47
		_OBP0_REG	FF48
		_OBP1_REG	FF49
		_WY_REG	FF4A
		_WX_REG	FF4B
		_KEY1_REG	FF4D
		_VBK_REG	FF4F
		_HDMA1_REG	FF51
		_HDMA2_REG	FF52
		_HDMA3_REG	FF53
		_HDMA4_REG	FF54
		_HDMA5_REG	FF55
		_RP_REG	FF56
		_BCPS_REG	FF68
		_BCPD_REG	FF69
		_OCPS_REG	FF6A
		_OCPD_REG	FF6B
		_SVBK_REG	FF70
		_IE_REG	FFFF
MODULES
	FILE C:\gbdk\lib/small/asxxxx/gb/crt0.o
		NAME Runtime
	FILE spriteworld.o
		NAME lcc56600
LIBRARIES
	LIBRARY C:\gbdk\lib/small/asxxxx/gb/gb.lib
		MODULE sfr.o
	LIBRARY C:\gbdk\lib/small/asxxxx/gb/gb.lib
		MODULE mv_spr.o
	LIBRARY C:\gbdk\lib/small/asxxxx/gb/gb.lib
		MODULE f_spect.o
	LIBRARY C:\gbdk\lib/small/asxxxx/gb/gb.lib
		MODULE set_data.o
	LIBRARY C:\gbdk\lib/small/asxxxx/gb/gb.lib
		MODULE ibmfixed.o
	LIBRARY C:\gbdk\lib/small/asxxxx/gb/gb.lib
		MODULE pad.o
	LIBRARY C:\gbdk\lib/small/asxxxx/gb/gb.lib
		MODULE mv_bkg.o
	LIBRARY C:\gbdk\lib/small/asxxxx/gb/gb.lib
		MODULE f_italic.o
	LIBRARY C:\gbdk\lib/small/asxxxx/gb/gb.lib
		MODULE f_ibm_sh.o
	LIBRARY C:\gbdk\lib/small/asxxxx/gb/gb.lib
		MODULE set_spr.o
	LIBRARY C:\gbdk\lib/small/asxxxx/gb/gb.lib
		MODULE delay.o
	LIBRARY C:\gbdk\lib/small/asxxxx/gb/gb.lib
		MODULE font.o
	LIBRARY C:\gbdk\lib/small/asxxxx/gb/gb.lib
		MODULE f_min.o
	LIBRARY C:\gbdk\lib/small/asxxxx/gb/gb.lib
		MODULE cpy_data.o
	LIBRARY C:\gbdk\lib/small/asxxxx/gb/gb.lib
		MODULE set_bk_t.o
	LIBRARY C:\gbdk\lib/small/asxxxx/gb/gb.lib
		MODULE drawing.o
	LIBRARY C:\gbdk\lib/small/asxxxx/gb/gb.lib
		MODULE set_xy_t.o
	LIBRARY C:\gbdk\lib/small/asxxxx/gb/gb.lib
		MODULE init_tt.o
USERBASEDEF
	_CODE=0x0200
	_DATA=0xC0A0
	_CODE_1=0x4000
USERGLOBALDEF
	.OAM=0xC000
	.STACK=0xE000
	.refresh_OAM=0xFF80
	.init=0x0000
