AREA .  .ABS.
	RADIX HEX
	BASE 0000
	SIZE 0000
	ATTRIB ABS OVR
	GLOBALS
		l__HEAP	0000
		l__BSEG	0000
		l_.  .ABS.	0000
		l__GSFINAL	0000
		l__ISEG	0000
		s_.  .ABS.	0000
		s__HEADER	0000
		l__XSEG	0000
		.init	0000
		l__OVERLAY	0000
		l__LIT	0000
		s__SFR	0000
		l__GSINITTAIL	0001
		l__BSS	0087
		l__HEADER	01EB
		s__CODE	0200
		l__DATA	0482
		l__HOME	04AF
		l__CODE	10C9
		s__HOME	12C9
		s__BASE	1778
		l__GSINIT	1A5E
		l__BASE	1D03
		s__LIT	347B
		s__GSINIT	347B
		s__GSINITTAIL	4ED9
		s__GSFINAL	4EDA
		.OAM	C000
		s__DATA	C0A0
		s__BSS	C522
		s__HEAP	C5A9
		s__BSEG	C5A9
		s__ISEG	C5A9
		s__XSEG	C5A9
		s__OVERLAY	C5A9
		.STACK	E000
		.refresh_OAM	FF80
		l__SFR	10000
AREA _CODE
	RADIX HEX
	BASE 0200
	SIZE 10C9
	ATTRIB REL CON
	GLOBALS
		_movegamecharacter	0200
		_movegamecharacterlarge	028A
		_setupbomb	035A
		_setupkirby	03ED
		_setupsmiley	0480
		_checkcollisions	0539
		_wouldhitsurface	07FE
		_jump	0813
		_main	08A7
		_putchar	0B58
		_setchar	0B61
		_gotoxy	0B6A
		_posx	0B75
		_posy	0B86
		.adv_gcurs	0B97
		.circle	0BB4
		.horlin	0C57
		.verlin	0C8F
		.circplot	0CEB
		.box	0D69
		.line	0E3F
		.xonly	0F60
		.yonly	10AF
		.plot	10D0
		.wrbyte	10ED
		.getpix	116F
		.wrtchr	11A4
		_gotogxy	1208
		_wrtchr	1213
		_getpix	1228
		_color	1234
		_circle	1243
		_box	125D
		_line	1281
		_plot_point	1299
		_plot	12AD
AREA _HEADER
	RADIX HEX
	BASE 0000
	SIZE 01EB
	ATTRIB ABS OVR
	GLOBALS
		_exit	01D2
AREA _HOME
	RADIX HEX
	BASE 12C9
	SIZE 04AF
	ATTRIB REL CON
	GLOBALS
		.set_mode	12C9
		.remove_VBL	12D9
		.remove_LCD	12DF
		.remove_TIM	12E5
		.remove_SIO	12EB
		.remove_JOY	12F1
		.add_VBL	12F7
		.add_LCD	12FD
		.add_TIM	1303
		.add_SIO	1309
		.add_JOY	130F
		.remove_int	1315
		.add_int	1335
		.wait_vbl_done	1351
		_wait_vbl_done	1351
		_display_off	1368
		.display_off	1368
		.serial_IO	1389
		_mode	13B8
		_get_mode	13C1
		_enable_interrupts	13C6
		_disable_interrupts	13C8
		_reset	13CA
		.reset	13CA
		_set_interrupts	13D0
		_remove_VBL	13DB
		_remove_LCD	13E6
		_remove_TIM	13F1
		_remove_SIO	13FC
		_remove_JOY	1407
		_add_VBL	1412
		_add_LCD	141D
		_add_TIM	1428
		_add_SIO	1433
		_add_JOY	143E
		_clock	1449
		__printTStates	1452
		banked_call	1453
		banked_ret	146C
		_printf	1475
		_sprintf	14A4
AREA _BASE
	RADIX HEX
	BASE 1778
	SIZE 1D03
	ATTRIB REL CON
	GLOBALS
		_scroll_bkg	1778
		.mv_sprite	178E
		_move_sprite	179D
		_font_spect	17AA
		_set_win_data	1B2C
		_set_bkg_data	1B2C
		_set_sprite_data	1B79
		_font_load_ibm_fixed	1BA8
		_font_ibm_fixed	1BAF
		_font_ibm_fixed_tiles	1CB1
		.padup	24B1
		_waitpadup	24B1
		.jpad	24C1
		.wait_pad	24EE
		_joypad	24F5
		_waitpad	24FA
		_font_italic	2504
		_font_ibm	286E
		.set_sprite_tile	2BF0
		_set_sprite_tile	2BFD
		.delay	2C08
		_delay	2C42
		font_copy_uncompressed	2C4B
		font_copy_compressed	2C81
		font_load	2CD6
		font_copy_current	2D1E
		font_set	2D66
		.put_char	2D73
		.out_char	2D8C
		.del_char	2D93
		_font_load	2DEE
		_font_set	2DFC
		_font_init	2E0B
		_cls	2E2D
		.cls	2E2D
		.cr_curs	2E5F
		.adv_curs	2E74
		.tmode	2ED0
		.tmode_out	2EF9
		_font_min	2F09
		__modslong	30B3
		__divslong	30B3
		__mulslong	30B3
		__divschar	30B4
		__modschar	30C0
		__divsint	30CB
		__modsint	30DC
		__divuchar	30EB
		__moduchar	30F7
		__divuint	3102
		__moduint	3113
		.mod8	3122
		.div8	3122
		.mod16	312A
		.div16	312A
		.modu8	3160
		.divu8	3160
		.modu16	3163
		.divu16	3163
		.copy_vram	31A0
		_get_data	31AF
		_set_data	31AF
		_set_bkg_tiles	31C2
		.gmode	31D6
		.vbl	3238
		.lcd	3243
		.draw_image	3250
		.switch_data	325A
		_switch_data	3291
		_draw_image	32AC
		.y_table	32BF
		.set_xy_wtt	33DF
		.set_xy_btt	33F0
		.set_xy_tt	33FF
		_set_tiles	3430
		.init_vram	3449
		.init_wtt	3457
		.init_btt	3467
		.init_tt	3475
AREA _LIT
	RADIX HEX
	BASE 347B
	SIZE 0000
	ATTRIB REL CON
AREA _GSINIT
	RADIX HEX
	BASE 347B
	SIZE 1A5E
	ATTRIB REL CON
	GLOBALS
		gsinit	347B
AREA _GSINITTAIL
	RADIX HEX
	BASE 4ED9
	SIZE 0001
	ATTRIB REL CON
AREA _GSFINAL
	RADIX HEX
	BASE 4EDA
	SIZE 0000
	ATTRIB REL CON
AREA _DATA
	RADIX HEX
	BASE C0A0
	SIZE 0482
	ATTRIB REL CON
	GLOBALS
		_bricks	C0A0
		_lair	C150
		_kirbs16	C420
		_spritesize	C500
		_bomb	C501
		_kirby	C509
		_smiley	C511
		_jumping	C51B
		_gravity	C51C
		_currentspeedY	C51D
		_floorYposition	C51E
		_spritestate	C51F
		_speedx	C520
		_fallspeed	C521
AREA _BSS
	RADIX HEX
	BASE C522
	SIZE 0087
	ATTRIB REL CON
	GLOBALS
		__cpu	C522
		.mode	C523
		__io_out	C524
		__io_in	C525
		__io_status	C526
		.vbl_done	C527
		__current_bank	C528
		_sys_time	C529
		.sys_time	C529
		.int_0x40	C52B
		.int_0x48	C53B
		.int_0x50	C54B
		.int_0x58	C55B
		.int_0x60	C56B
		font_current	C57B
		font_first_free_tile	C57E
		font_table	C57F
		.curx	C591
		.cury	C592
		.fg_colour	C596
		.bg_colour	C597
AREA _HEAP
	RADIX HEX
	BASE C5A9
	SIZE 0000
	ATTRIB REL CON
	GLOBALS
		_malloc_heap_start	C5A9
AREA _OVERLAY
	RADIX HEX
	BASE C5A9
	SIZE 0000
	ATTRIB REL CON
AREA _ISEG
	RADIX HEX
	BASE C5A9
	SIZE 0000
	ATTRIB REL CON
AREA _BSEG
	RADIX HEX
	BASE C5A9
	SIZE 0000
	ATTRIB REL CON
AREA _XSEG
	RADIX HEX
	BASE C5A9
	SIZE 0000
	ATTRIB REL CON
AREA _SFR
	RADIX HEX
	BASE 0000
	SIZE 10000
	ATTRIB ABS OVR
	GLOBALS
		_P1_REG	FF00
		_SB_REG	FF01
		_SC_REG	FF02
		_DIV_REG	FF04
		_TIMA_REG	FF05
		_TMA_REG	FF06
		_TAC_REG	FF07
		_IF_REG	FF0F
		_NR10_REG	FF10
		_NR11_REG	FF11
		_NR12_REG	FF12
		_NR13_REG	FF13
		_NR14_REG	FF14
		_NR21_REG	FF16
		_NR22_REG	FF17
		_NR23_REG	FF18
		_NR24_REG	FF19
		_NR30_REG	FF1A
		_NR31_REG	FF1B
		_NR32_REG	FF1C
		_NR33_REG	FF1D
		_NR34_REG	FF1E
		_NR41_REG	FF20
		_NR42_REG	FF21
		_NR43_REG	FF22
		_NR44_REG	FF23
		_NR50_REG	FF24
		_NR51_REG	FF25
		_NR52_REG	FF26
		_LCDC_REG	FF40
		_STAT_REG	FF41
		_SCY_REG	FF42
		_SCX_REG	FF43
		_LY_REG	FF44
		_LYC_REG	FF45
		_DMA_REG	FF46
		_BGP_REG	FF47
		_OBP0_REG	FF48
		_OBP1_REG	FF49
		_WY_REG	FF4A
		_WX_REG	FF4B
		_KEY1_REG	FF4D
		_VBK_REG	FF4F
		_HDMA1_REG	FF51
		_HDMA2_REG	FF52
		_HDMA3_REG	FF53
		_HDMA4_REG	FF54
		_HDMA5_REG	FF55
		_RP_REG	FF56
		_BCPS_REG	FF68
		_BCPD_REG	FF69
		_OCPS_REG	FF6A
		_OCPD_REG	FF6B
		_SVBK_REG	FF70
		_IE_REG	FFFF
MODULES
	FILE C:\gbdk\lib/small/asxxxx/gb/crt0.o
		NAME Runtime
	FILE spriteworld.o
		NAME lcc141320
LIBRARIES
	LIBRARY C:\gbdk\lib/small/asxxxx/gb/gb.lib
		MODULE sfr.o
	LIBRARY C:\gbdk\lib/small/asxxxx/gb/gb.lib
		MODULE scroll_b.o
	LIBRARY C:\gbdk\lib/small/asxxxx/gb/gb.lib
		MODULE mv_spr.o
	LIBRARY C:\gbdk\lib/small/asxxxx/gb/gb.lib
		MODULE f_spect.o
	LIBRARY C:\gbdk\lib/small/asxxxx/gb/gb.lib
		MODULE set_data.o
	LIBRARY C:\gbdk\lib/small/asxxxx/gb/gb.lib
		MODULE ibmfixed.o
	LIBRARY C:\gbdk\lib/small/asxxxx/gb/gb.lib
		MODULE pad.o
	LIBRARY C:\gbdk\lib/small/asxxxx/gb/gb.lib
		MODULE f_italic.o
	LIBRARY C:\gbdk\lib/small/asxxxx/gb/gb.lib
		MODULE f_ibm_sh.o
	LIBRARY C:\gbdk\lib/small/asxxxx/gb/gb.lib
		MODULE set_spr.o
	LIBRARY C:\gbdk\lib/small/asxxxx/gb/gb.lib
		MODULE delay.o
	LIBRARY C:\gbdk\lib/small/asxxxx/gbz80/gbz80.lib
		MODULE printf.o
	LIBRARY C:\gbdk\lib/small/asxxxx/gb/gb.lib
		MODULE font.o
	LIBRARY C:\gbdk\lib/small/asxxxx/gb/gb.lib
		MODULE f_min.o
	LIBRARY C:\gbdk\lib/small/asxxxx/gbz80/gbz80.lib
		MODULE div.o
	LIBRARY C:\gbdk\lib/small/asxxxx/gb/gb.lib
		MODULE cpy_data.o
	LIBRARY C:\gbdk\lib/small/asxxxx/gb/gb.lib
		MODULE set_bk_t.o
	LIBRARY C:\gbdk\lib/small/asxxxx/gb/gb.lib
		MODULE drawing.o
	LIBRARY C:\gbdk\lib/small/asxxxx/gb/gb.lib
		MODULE set_xy_t.o
	LIBRARY C:\gbdk\lib/small/asxxxx/gb/gb.lib
		MODULE init_tt.o
USERBASEDEF
	_CODE=0x0200
	_DATA=0xC0A0
	_CODE_1=0x4000
USERGLOBALDEF
	.OAM=0xC000
	.STACK=0xE000
	.refresh_OAM=0xFF80
	.init=0x0000
