                              1 ;--------------------------------------------------------
                              2 ; File Created by SDCC : FreeWare ANSI-C Compiler
                              3 ; Version 2.2.1 Thu Feb 13 17:09:21 2020
                              4 
                              5 ;--------------------------------------------------------
                              6 	.module lcc56160
                              7 	
                              8 ;--------------------------------------------------------
                              9 ; Public variables in this module
                             10 ;--------------------------------------------------------
                             11 	.globl _main
                             12 	.globl _time
                             13 	.globl _printf
                             14 	.globl _main
                             15 ;--------------------------------------------------------
                             16 ; Externals used
                             17 ;--------------------------------------------------------
                             18 	.globl _IE_REG
                             19 	.globl _SVBK_REG
                             20 	.globl _OCPD_REG
                             21 	.globl _OCPS_REG
                             22 	.globl _BCPD_REG
                             23 	.globl _BCPS_REG
                             24 	.globl _RP_REG
                             25 	.globl _HDMA5_REG
                             26 	.globl _HDMA4_REG
                             27 	.globl _HDMA3_REG
                             28 	.globl _HDMA2_REG
                             29 	.globl _HDMA1_REG
                             30 	.globl _VBK_REG
                             31 	.globl _KEY1_REG
                             32 	.globl _WX_REG
                             33 	.globl _WY_REG
                             34 	.globl _OBP1_REG
                             35 	.globl _OBP0_REG
                             36 	.globl _BGP_REG
                             37 	.globl _DMA_REG
                             38 	.globl _LYC_REG
                             39 	.globl _LY_REG
                             40 	.globl _SCX_REG
                             41 	.globl _SCY_REG
                             42 	.globl _STAT_REG
                             43 	.globl _LCDC_REG
                             44 	.globl _NR52_REG
                             45 	.globl _NR51_REG
                             46 	.globl _NR50_REG
                             47 	.globl _NR44_REG
                             48 	.globl _NR43_REG
                             49 	.globl _NR42_REG
                             50 	.globl _NR41_REG
                             51 	.globl _NR34_REG
                             52 	.globl _NR33_REG
                             53 	.globl _NR32_REG
                             54 	.globl _NR31_REG
                             55 	.globl _NR30_REG
                             56 	.globl _NR24_REG
                             57 	.globl _NR23_REG
                             58 	.globl _NR22_REG
                             59 	.globl _NR21_REG
                             60 	.globl _NR14_REG
                             61 	.globl _NR13_REG
                             62 	.globl _NR12_REG
                             63 	.globl _NR11_REG
                             64 	.globl _NR10_REG
                             65 	.globl _IF_REG
                             66 	.globl _TAC_REG
                             67 	.globl _TMA_REG
                             68 	.globl _TIMA_REG
                             69 	.globl _DIV_REG
                             70 	.globl _SC_REG
                             71 	.globl _SB_REG
                             72 	.globl _P1_REG
                             73 	.globl __io_out
                             74 	.globl __io_in
                             75 	.globl __io_status
                             76 	.globl _sys_time
                             77 	.globl __cpu
                             78 ;--------------------------------------------------------
                             79 ; special function registers
                             80 ;--------------------------------------------------------
                             81 ;--------------------------------------------------------
                             82 ; special function bits 
                             83 ;--------------------------------------------------------
                             84 ;--------------------------------------------------------
                             85 ; internal ram data
                             86 ;--------------------------------------------------------
                             87 	.area _DATA
                             88 ;--------------------------------------------------------
                             89 ; overlayable items in internal ram 
                             90 ;--------------------------------------------------------
                             91 	.area _OVERLAY
                             92 ;--------------------------------------------------------
                             93 ; indirectly addressable internal ram data
                             94 ;--------------------------------------------------------
                             95 	.area _ISEG
                             96 ;--------------------------------------------------------
                             97 ; bit data
                             98 ;--------------------------------------------------------
                             99 	.area _BSEG
                            100 ;--------------------------------------------------------
                            101 ; external ram data
                            102 ;--------------------------------------------------------
                            103 	.area _XSEG
                            104 ;--------------------------------------------------------
                            105 ; global & static initialisations
                            106 ;--------------------------------------------------------
                            107 	.area _GSINIT
                            108 	.area _GSFINAL
                            109 	.area _GSINIT
                            110 ;--------------------------------------------------------
                            111 ; Home
                            112 ;--------------------------------------------------------
                            113 	.area _HOME
                            114 	.area _CODE
                            115 ;--------------------------------------------------------
                            116 ; code
                            117 ;--------------------------------------------------------
                            118 	.area _CODE
                            119 ;	main.c 6
                            120 ; genLabel
                            121 ; genFunction
                            122 ;	---------------------------------
                            123 ; Function main
                            124 ; ---------------------------------
   0000                     125 ___main_start:
   0000                     126 _main:
   0000 C5                  127 	push	bc
                            128 	
                            129 ;	main.c 10
                            130 ; genIpush
   0001 21 00 00            131 	ld	hl,#0x0000
   0004 E5                  132 	push	hl
                            133 ; genCall
   0005 CD 00 00            134 	call	_time
   0008 42                  135 	ld	b,d
   0009 4B                  136 	ld	c,e
   000A E8 02               137 	lda	sp,2(sp)
                            138 ; genIpush
   000C C5                  139 	push	bc
                            140 ; genCall
   000D CD 00 00            141 	call	srand
   0010 E8 02               142 	lda	sp,2(sp)
                            143 ;	main.c 11
                            144 ; genCall
   0012 CD 00 00            145 	call	rand
   0015 42                  146 	ld	b,d
   0016 4B                  147 	ld	c,e
                            148 ;	main.c 12
                            149 ; genIpush
   0017 21 3B 00            150 	ld	hl,#0x003B
   001A E5                  151 	push	hl
                            152 ; genIpush
   001B C5                  153 	push	bc
                            154 ; genCall
   001C CD 00 00            155 	call	__modsint
   001F 42                  156 	ld	b,d
   0020 4B                  157 	ld	c,e
   0021 E8 04               158 	lda	sp,4(sp)
                            159 ;	main.c 13
                            160 ; genIpush
   0023 C5                  161 	push	bc
                            162 ; genIpush
   0024 21 2F 00            163 	ld	hl,#__str_0 + 0
   0027 E5                  164 	push	hl
                            165 ; genCall
   0028 CD 00 00            166 	call	_printf
   002B E8 04               167 	lda	sp,4(sp)
                            168 ; genLabel
   002D                     169 00101$:
                            170 ; genEndFunction
                            171 	
   002D C1                  172 	pop	bc
   002E C9                  173 	ret
   002F                     174 ___main_end:
   002F                     175 __str_0:
   002F 25 64               176 	.ascii "%d"
   0031 0A                  177 	.db 0x0A
   0032 00                  178 	.db 0x00
                            179 	.area _CODE
ASxxxx Assembler V01.75  (GameBoy Z80-like CPU), page 1.

Symbol Table

    _BCPD_REG                          **** GX
    _BCPS_REG                          **** GX
    _BGP_REG                           **** GX
    _DIV_REG                           **** GX
    _DMA_REG                           **** GX
    _HDMA1_REG                         **** GX
    _HDMA2_REG                         **** GX
    _HDMA3_REG                         **** GX
    _HDMA4_REG                         **** GX
    _HDMA5_REG                         **** GX
    _IE_REG                            **** GX
    _IF_REG                            **** GX
    _KEY1_REG                          **** GX
    _LCDC_REG                          **** GX
    _LYC_REG                           **** GX
    _LY_REG                            **** GX
    _NR10_REG                          **** GX
    _NR11_REG                          **** GX
    _NR12_REG                          **** GX
    _NR13_REG                          **** GX
    _NR14_REG                          **** GX
    _NR21_REG                          **** GX
    _NR22_REG                          **** GX
    _NR23_REG                          **** GX
    _NR24_REG                          **** GX
    _NR30_REG                          **** GX
    _NR31_REG                          **** GX
    _NR32_REG                          **** GX
    _NR33_REG                          **** GX
    _NR34_REG                          **** GX
    _NR41_REG                          **** GX
    _NR42_REG                          **** GX
    _NR43_REG                          **** GX
    _NR44_REG                          **** GX
    _NR50_REG                          **** GX
    _NR51_REG                          **** GX
    _NR52_REG                          **** GX
    _OBP0_REG                          **** GX
    _OBP1_REG                          **** GX
    _OCPD_REG                          **** GX
    _OCPS_REG                          **** GX
    _P1_REG                            **** GX
    _RP_REG                            **** GX
    _SB_REG                            **** GX
    _SCX_REG                           **** GX
    _SCY_REG                           **** GX
    _SC_REG                            **** GX
    _STAT_REG                          **** GX
    _SVBK_REG                          **** GX
    _TAC_REG                           **** GX
    _TIMA_REG                          **** GX
    _TMA_REG                           **** GX
    _VBK_REG                           **** GX
    _WX_REG                            **** GX
    _WY_REG                            **** GX
  0 ___main_end                        002F R
  0 ___main_start                      0000 R
    __cpu                              **** GX
    __io_in                            **** GX
    __io_out                           **** GX
    __io_status                        **** GX
    __modsint                          **** GX
  0 __str_0                            002F R
  0 _main                              0000 GR
    _printf                            **** GX
    _sys_time                          **** GX
    _time                              **** GX
    rand                               **** GX
    srand                              **** GX

ASxxxx Assembler V01.75  (GameBoy Z80-like CPU), page 2.

Area Table

   0 _CODE                              size   33   flags 0
   1 _DATA                              size    0   flags 0
   2 _OVERLAY                           size    0   flags 0
   3 _ISEG                              size    0   flags 0
   4 _BSEG                              size    0   flags 0
   5 _XSEG                              size    0   flags 0
   6 _GSINIT                            size    0   flags 0
   7 _GSFINAL                           size    0   flags 0
   8 _HOME                              size    0   flags 0
