AREA .  .ABS.
	RADIX HEX
	BASE 0000
	SIZE 0000
	ATTRIB ABS OVR
	GLOBALS
		l__DATA	0000
		l__HEAP	0000
		l__BSEG	0000
		l_.  .ABS.	0000
		l__GSFINAL	0000
		l__ISEG	0000
		s_.  .ABS.	0000
		s__HEADER	0000
		l__XSEG	0000
		.init	0000
		l__OVERLAY	0000
		l__LIT	0000
		l__GSINIT	0000
		s__SFR	0000
		l__GSINITTAIL	0001
		l__BSS	0087
		l__HEADER	01EB
		s__CODE	0200
		l__HOME	04AF
		l__CODE	07D9
		s__HOME	09D9
		s__BASE	0E88
		l__BASE	0F54
		s__GSINITTAIL	1DDC
		s__LIT	1DDC
		s__GSINIT	1DDC
		s__GSFINAL	1DDD
		.OAM	C000
		s__DATA	C0A0
		s__BSS	C0A0
		s__HEAP	C127
		s__BSEG	C127
		s__ISEG	C127
		s__XSEG	C127
		s__OVERLAY	C127
		.STACK	E000
		.refresh_OAM	FF80
		l__SFR	10000
AREA _CODE
	RADIX HEX
	BASE 0200
	SIZE 07D9
	ATTRIB REL CON
	GLOBALS
		_main	0200
		_putchar	0268
		_setchar	0271
		_gotoxy	027A
		_posx	0285
		_posy	0296
		.adv_gcurs	02A7
		.circle	02C4
		.horlin	0367
		.verlin	039F
		.circplot	03FB
		.box	0479
		.line	054F
		.xonly	0670
		.yonly	07BF
		.plot	07E0
		.wrbyte	07FD
		.getpix	087F
		.wrtchr	08B4
		_gotogxy	0918
		_wrtchr	0923
		_getpix	0938
		_color	0944
		_circle	0953
		_box	096D
		_line	0991
		_plot_point	09A9
		_plot	09BD
AREA _HEADER
	RADIX HEX
	BASE 0000
	SIZE 01EB
	ATTRIB ABS OVR
	GLOBALS
		_exit	01D2
AREA _HOME
	RADIX HEX
	BASE 09D9
	SIZE 04AF
	ATTRIB REL CON
	GLOBALS
		.set_mode	09D9
		.remove_VBL	09E9
		.remove_LCD	09EF
		.remove_TIM	09F5
		.remove_SIO	09FB
		.remove_JOY	0A01
		.add_VBL	0A07
		.add_LCD	0A0D
		.add_TIM	0A13
		.add_SIO	0A19
		.add_JOY	0A1F
		.remove_int	0A25
		.add_int	0A45
		.wait_vbl_done	0A61
		_wait_vbl_done	0A61
		_display_off	0A78
		.display_off	0A78
		.serial_IO	0A99
		_mode	0AC8
		_get_mode	0AD1
		_enable_interrupts	0AD6
		_disable_interrupts	0AD8
		_reset	0ADA
		.reset	0ADA
		_set_interrupts	0AE0
		_remove_VBL	0AEB
		_remove_LCD	0AF6
		_remove_TIM	0B01
		_remove_SIO	0B0C
		_remove_JOY	0B17
		_add_VBL	0B22
		_add_LCD	0B2D
		_add_TIM	0B38
		_add_SIO	0B43
		_add_JOY	0B4E
		_clock	0B59
		__printTStates	0B62
		banked_call	0B63
		banked_ret	0B7C
		_printf	0B85
		_sprintf	0BB4
AREA _BASE
	RADIX HEX
	BASE 0E88
	SIZE 0F54
	ATTRIB REL CON
	GLOBALS
		.delay	0E88
		_delay	0EC2
		__modslong	0ECB
		__divslong	0ECB
		__mulslong	0ECB
		__divschar	0ECC
		__modschar	0ED8
		__divsint	0EE3
		__modsint	0EF4
		__divuchar	0F03
		__moduchar	0F0F
		__divuint	0F1A
		__moduint	0F2B
		.mod8	0F3A
		.div8	0F3A
		.mod16	0F42
		.div16	0F42
		.modu8	0F78
		.divu8	0F78
		.modu16	0F7B
		.divu16	0F7B
		font_copy_uncompressed	0FB8
		font_copy_compressed	0FEE
		font_load	1043
		font_copy_current	108B
		font_set	10D3
		.put_char	10E0
		.out_char	10F9
		.del_char	1100
		_font_load	115B
		_font_set	1169
		_font_init	1178
		_cls	119A
		.cls	119A
		.cr_curs	11CC
		.adv_curs	11E1
		.tmode	123D
		.tmode_out	1266
		_font_load_ibm_fixed	1276
		_font_ibm_fixed	127D
		_font_ibm_fixed_tiles	137F
		.gmode	1B7F
		.vbl	1BE1
		.lcd	1BEC
		.draw_image	1BF9
		.switch_data	1C03
		_switch_data	1C3A
		_draw_image	1C55
		.y_table	1C68
		.init_vram	1D88
		.init_wtt	1D96
		.init_btt	1DA6
		.init_tt	1DB4
		.copy_vram	1DBA
		_get_data	1DC9
		_set_data	1DC9
AREA _LIT
	RADIX HEX
	BASE 1DDC
	SIZE 0000
	ATTRIB REL CON
AREA _GSINIT
	RADIX HEX
	BASE 1DDC
	SIZE 0000
	ATTRIB REL CON
	GLOBALS
		gsinit	1DDC
AREA _GSINITTAIL
	RADIX HEX
	BASE 1DDC
	SIZE 0001
	ATTRIB REL CON
AREA _GSFINAL
	RADIX HEX
	BASE 1DDD
	SIZE 0000
	ATTRIB REL CON
AREA _DATA
	RADIX HEX
	BASE C0A0
	SIZE 0000
	ATTRIB REL CON
AREA _BSS
	RADIX HEX
	BASE C0A0
	SIZE 0087
	ATTRIB REL CON
	GLOBALS
		__cpu	C0A0
		.mode	C0A1
		__io_out	C0A2
		__io_in	C0A3
		__io_status	C0A4
		.vbl_done	C0A5
		__current_bank	C0A6
		_sys_time	C0A7
		.sys_time	C0A7
		.int_0x40	C0A9
		.int_0x48	C0B9
		.int_0x50	C0C9
		.int_0x58	C0D9
		.int_0x60	C0E9
		font_current	C0FC
		font_first_free_tile	C0FF
		font_table	C100
		.curx	C112
		.cury	C113
		.fg_colour	C114
		.bg_colour	C115
AREA _HEAP
	RADIX HEX
	BASE C127
	SIZE 0000
	ATTRIB REL CON
	GLOBALS
		_malloc_heap_start	C127
AREA _OVERLAY
	RADIX HEX
	BASE C127
	SIZE 0000
	ATTRIB REL CON
AREA _ISEG
	RADIX HEX
	BASE C127
	SIZE 0000
	ATTRIB REL CON
AREA _BSEG
	RADIX HEX
	BASE C127
	SIZE 0000
	ATTRIB REL CON
AREA _XSEG
	RADIX HEX
	BASE C127
	SIZE 0000
	ATTRIB REL CON
AREA _SFR
	RADIX HEX
	BASE 0000
	SIZE 10000
	ATTRIB ABS OVR
	GLOBALS
		_P1_REG	FF00
		_SB_REG	FF01
		_SC_REG	FF02
		_DIV_REG	FF04
		_TIMA_REG	FF05
		_TMA_REG	FF06
		_TAC_REG	FF07
		_IF_REG	FF0F
		_NR10_REG	FF10
		_NR11_REG	FF11
		_NR12_REG	FF12
		_NR13_REG	FF13
		_NR14_REG	FF14
		_NR21_REG	FF16
		_NR22_REG	FF17
		_NR23_REG	FF18
		_NR24_REG	FF19
		_NR30_REG	FF1A
		_NR31_REG	FF1B
		_NR32_REG	FF1C
		_NR33_REG	FF1D
		_NR34_REG	FF1E
		_NR41_REG	FF20
		_NR42_REG	FF21
		_NR43_REG	FF22
		_NR44_REG	FF23
		_NR50_REG	FF24
		_NR51_REG	FF25
		_NR52_REG	FF26
		_LCDC_REG	FF40
		_STAT_REG	FF41
		_SCY_REG	FF42
		_SCX_REG	FF43
		_LY_REG	FF44
		_LYC_REG	FF45
		_DMA_REG	FF46
		_BGP_REG	FF47
		_OBP0_REG	FF48
		_OBP1_REG	FF49
		_WY_REG	FF4A
		_WX_REG	FF4B
		_KEY1_REG	FF4D
		_VBK_REG	FF4F
		_HDMA1_REG	FF51
		_HDMA2_REG	FF52
		_HDMA3_REG	FF53
		_HDMA4_REG	FF54
		_HDMA5_REG	FF55
		_RP_REG	FF56
		_BCPS_REG	FF68
		_BCPD_REG	FF69
		_OCPS_REG	FF6A
		_OCPD_REG	FF6B
		_SVBK_REG	FF70
		_IE_REG	FFFF
MODULES
	FILE C:\gbdk\lib/small/asxxxx/gb/crt0.o
		NAME Runtime
	FILE main.o
		NAME lcc141200
LIBRARIES
	LIBRARY C:\gbdk\lib/small/asxxxx/gb/gb.lib
		MODULE sfr.o
	LIBRARY C:\gbdk\lib/small/asxxxx/gb/gb.lib
		MODULE delay.o
	LIBRARY C:\gbdk\lib/small/asxxxx/gbz80/gbz80.lib
		MODULE printf.o
	LIBRARY C:\gbdk\lib/small/asxxxx/gbz80/gbz80.lib
		MODULE div.o
	LIBRARY C:\gbdk\lib/small/asxxxx/gb/gb.lib
		MODULE font.o
	LIBRARY C:\gbdk\lib/small/asxxxx/gb/gb.lib
		MODULE ibmfixed.o
	LIBRARY C:\gbdk\lib/small/asxxxx/gb/gb.lib
		MODULE drawing.o
	LIBRARY C:\gbdk\lib/small/asxxxx/gb/gb.lib
		MODULE init_tt.o
	LIBRARY C:\gbdk\lib/small/asxxxx/gb/gb.lib
		MODULE cpy_data.o
USERBASEDEF
	_CODE=0x0200
	_DATA=0xC0A0
	_CODE_1=0x4000
USERGLOBALDEF
	.OAM=0xC000
	.STACK=0xE000
	.refresh_OAM=0xFF80
	.init=0x0000
