AREA .  .ABS.
	RADIX HEX
	BASE 0000
	SIZE 0000
	ATTRIB ABS OVR
	GLOBALS
		l__DATA	0000
		l__HEAP	0000
		l__BSEG	0000
		l_.  .ABS.	0000
		l__GSFINAL	0000
		l__ISEG	0000
		s_.  .ABS.	0000
		srand	0000
		s__HEADER	0000
		l__XSEG	0000
		.init	0000
		rand	0000
		l__OVERLAY	0000
		l__LIT	0000
		l__GSINIT	0000
		s__SFR	0000
		l__GSINITTAIL	0001
		l__BSS	0087
		l__HEADER	01EB
		s__CODE	0200
		l__HOME	04AF
		l__CODE	07CA
		s__HOME	09CA
		s__BASE	0E79
		l__BASE	0F11
		s__GSINITTAIL	1D8A
		s__LIT	1D8A
		s__GSINIT	1D8A
		s__GSFINAL	1D8B
		.OAM	C000
		s__DATA	C0A0
		s__BSS	C0A0
		s__HEAP	C127
		s__BSEG	C127
		s__ISEG	C127
		s__XSEG	C127
		s__OVERLAY	C127
		.STACK	E000
		.refresh_OAM	FF80
		l__SFR	10000
AREA _CODE
	RADIX HEX
	BASE 0200
	SIZE 07CA
	ATTRIB REL CON
	GLOBALS
		_main	0200
		_time	0233
		_putchar	0259
		_setchar	0262
		_gotoxy	026B
		_posx	0276
		_posy	0287
		.adv_gcurs	0298
		.circle	02B5
		.horlin	0358
		.verlin	0390
		.circplot	03EC
		.box	046A
		.line	0540
		.xonly	0661
		.yonly	07B0
		.plot	07D1
		.wrbyte	07EE
		.getpix	0870
		.wrtchr	08A5
		_gotogxy	0909
		_wrtchr	0914
		_getpix	0929
		_color	0935
		_circle	0944
		_box	095E
		_line	0982
		_plot_point	099A
		_plot	09AE
AREA _HEADER
	RADIX HEX
	BASE 0000
	SIZE 01EB
	ATTRIB ABS OVR
	GLOBALS
		_exit	01D2
AREA _HOME
	RADIX HEX
	BASE 09CA
	SIZE 04AF
	ATTRIB REL CON
	GLOBALS
		.set_mode	09CA
		.remove_VBL	09DA
		.remove_LCD	09E0
		.remove_TIM	09E6
		.remove_SIO	09EC
		.remove_JOY	09F2
		.add_VBL	09F8
		.add_LCD	09FE
		.add_TIM	0A04
		.add_SIO	0A0A
		.add_JOY	0A10
		.remove_int	0A16
		.add_int	0A36
		.wait_vbl_done	0A52
		_wait_vbl_done	0A52
		_display_off	0A69
		.display_off	0A69
		.serial_IO	0A8A
		_mode	0AB9
		_get_mode	0AC2
		_enable_interrupts	0AC7
		_disable_interrupts	0AC9
		_reset	0ACB
		.reset	0ACB
		_set_interrupts	0AD1
		_remove_VBL	0ADC
		_remove_LCD	0AE7
		_remove_TIM	0AF2
		_remove_SIO	0AFD
		_remove_JOY	0B08
		_add_VBL	0B13
		_add_LCD	0B1E
		_add_TIM	0B29
		_add_SIO	0B34
		_add_JOY	0B3F
		_clock	0B4A
		__printTStates	0B53
		banked_call	0B54
		banked_ret	0B6D
		_printf	0B76
		_sprintf	0BA5
AREA _BASE
	RADIX HEX
	BASE 0E79
	SIZE 0F11
	ATTRIB REL CON
	GLOBALS
		__modslong	0E79
		__divslong	0E79
		__mulslong	0E79
		__divschar	0E7A
		__modschar	0E86
		__divsint	0E91
		__modsint	0EA2
		__divuchar	0EB1
		__moduchar	0EBD
		__divuint	0EC8
		__moduint	0ED9
		.mod8	0EE8
		.div8	0EE8
		.mod16	0EF0
		.div16	0EF0
		.modu8	0F26
		.divu8	0F26
		.modu16	0F29
		.divu16	0F29
		font_copy_uncompressed	0F66
		font_copy_compressed	0F9C
		font_load	0FF1
		font_copy_current	1039
		font_set	1081
		.put_char	108E
		.out_char	10A7
		.del_char	10AE
		_font_load	1109
		_font_set	1117
		_font_init	1126
		_cls	1148
		.cls	1148
		.cr_curs	117A
		.adv_curs	118F
		.tmode	11EB
		.tmode_out	1214
		_font_load_ibm_fixed	1224
		_font_ibm_fixed	122B
		_font_ibm_fixed_tiles	132D
		.gmode	1B2D
		.vbl	1B8F
		.lcd	1B9A
		.draw_image	1BA7
		.switch_data	1BB1
		_switch_data	1BE8
		_draw_image	1C03
		.y_table	1C16
		.init_vram	1D36
		.init_wtt	1D44
		.init_btt	1D54
		.init_tt	1D62
		.copy_vram	1D68
		_get_data	1D77
		_set_data	1D77
AREA _LIT
	RADIX HEX
	BASE 1D8A
	SIZE 0000
	ATTRIB REL CON
AREA _GSINIT
	RADIX HEX
	BASE 1D8A
	SIZE 0000
	ATTRIB REL CON
	GLOBALS
		gsinit	1D8A
AREA _GSINITTAIL
	RADIX HEX
	BASE 1D8A
	SIZE 0001
	ATTRIB REL CON
AREA _GSFINAL
	RADIX HEX
	BASE 1D8B
	SIZE 0000
	ATTRIB REL CON
AREA _DATA
	RADIX HEX
	BASE C0A0
	SIZE 0000
	ATTRIB REL CON
AREA _BSS
	RADIX HEX
	BASE C0A0
	SIZE 0087
	ATTRIB REL CON
	GLOBALS
		__cpu	C0A0
		.mode	C0A1
		__io_out	C0A2
		__io_in	C0A3
		__io_status	C0A4
		.vbl_done	C0A5
		__current_bank	C0A6
		_sys_time	C0A7
		.sys_time	C0A7
		.int_0x40	C0A9
		.int_0x48	C0B9
		.int_0x50	C0C9
		.int_0x58	C0D9
		.int_0x60	C0E9
		font_current	C0FC
		font_first_free_tile	C0FF
		font_table	C100
		.curx	C112
		.cury	C113
		.fg_colour	C114
		.bg_colour	C115
AREA _HEAP
	RADIX HEX
	BASE C127
	SIZE 0000
	ATTRIB REL CON
	GLOBALS
		_malloc_heap_start	C127
AREA _OVERLAY
	RADIX HEX
	BASE C127
	SIZE 0000
	ATTRIB REL CON
AREA _ISEG
	RADIX HEX
	BASE C127
	SIZE 0000
	ATTRIB REL CON
AREA _BSEG
	RADIX HEX
	BASE C127
	SIZE 0000
	ATTRIB REL CON
AREA _XSEG
	RADIX HEX
	BASE C127
	SIZE 0000
	ATTRIB REL CON
AREA _SFR
	RADIX HEX
	BASE 0000
	SIZE 10000
	ATTRIB ABS OVR
	GLOBALS
		_P1_REG	FF00
		_SB_REG	FF01
		_SC_REG	FF02
		_DIV_REG	FF04
		_TIMA_REG	FF05
		_TMA_REG	FF06
		_TAC_REG	FF07
		_IF_REG	FF0F
		_NR10_REG	FF10
		_NR11_REG	FF11
		_NR12_REG	FF12
		_NR13_REG	FF13
		_NR14_REG	FF14
		_NR21_REG	FF16
		_NR22_REG	FF17
		_NR23_REG	FF18
		_NR24_REG	FF19
		_NR30_REG	FF1A
		_NR31_REG	FF1B
		_NR32_REG	FF1C
		_NR33_REG	FF1D
		_NR34_REG	FF1E
		_NR41_REG	FF20
		_NR42_REG	FF21
		_NR43_REG	FF22
		_NR44_REG	FF23
		_NR50_REG	FF24
		_NR51_REG	FF25
		_NR52_REG	FF26
		_LCDC_REG	FF40
		_STAT_REG	FF41
		_SCY_REG	FF42
		_SCX_REG	FF43
		_LY_REG	FF44
		_LYC_REG	FF45
		_DMA_REG	FF46
		_BGP_REG	FF47
		_OBP0_REG	FF48
		_OBP1_REG	FF49
		_WY_REG	FF4A
		_WX_REG	FF4B
		_KEY1_REG	FF4D
		_VBK_REG	FF4F
		_HDMA1_REG	FF51
		_HDMA2_REG	FF52
		_HDMA3_REG	FF53
		_HDMA4_REG	FF54
		_HDMA5_REG	FF55
		_RP_REG	FF56
		_BCPS_REG	FF68
		_BCPD_REG	FF69
		_OCPS_REG	FF6A
		_OCPD_REG	FF6B
		_SVBK_REG	FF70
		_IE_REG	FFFF
MODULES
	FILE C:\gbdk\lib/small/asxxxx/gb/crt0.o
		NAME Runtime
	FILE main.o
		NAME lcc56160
LIBRARIES
	LIBRARY C:\gbdk\lib/small/asxxxx/gb/gb.lib
		MODULE sfr.o
	LIBRARY C:\gbdk\lib/small/asxxxx/gbz80/gbz80.lib
		MODULE time.o
	LIBRARY C:\gbdk\lib/small/asxxxx/gbz80/gbz80.lib
		MODULE printf.o
	LIBRARY C:\gbdk\lib/small/asxxxx/gbz80/gbz80.lib
		MODULE div.o
	LIBRARY C:\gbdk\lib/small/asxxxx/gb/gb.lib
		MODULE font.o
	LIBRARY C:\gbdk\lib/small/asxxxx/gb/gb.lib
		MODULE ibmfixed.o
	LIBRARY C:\gbdk\lib/small/asxxxx/gb/gb.lib
		MODULE drawing.o
	LIBRARY C:\gbdk\lib/small/asxxxx/gb/gb.lib
		MODULE init_tt.o
	LIBRARY C:\gbdk\lib/small/asxxxx/gb/gb.lib
		MODULE cpy_data.o
USERBASEDEF
	_CODE=0x0200
	_DATA=0xC0A0
	_CODE_1=0x4000
USERGLOBALDEF
	.OAM=0xC000
	.STACK=0xE000
	.refresh_OAM=0xFF80
	.init=0x0000

?ASlink-Warning-Undefined Global srand referenced by module lcc56160

?ASlink-Warning-Undefined Global rand referenced by module lcc56160
