AREA .  .ABS.
	RADIX HEX
	BASE 0000
	SIZE 0000
	ATTRIB ABS OVR
	GLOBALS
		l__HEAP	0000
		l__BSEG	0000
		l_.  .ABS.	0000
		l__GSFINAL	0000
		l__ISEG	0000
		s_.  .ABS.	0000
		s__HEADER	0000
		l__XSEG	0000
		.init	0000
		l__OVERLAY	0000
		l__LIT	0000
		s__SFR	0000
		l__GSINITTAIL	0001
		l__BSS	0087
		l__DATA	0102
		l__HEADER	01EB
		s__CODE	0200
		l__HOME	04AF
		l__GSINIT	055E
		l__CODE	1050
		l__BASE	1057
		s__HOME	1250
		s__BASE	16FF
		s__LIT	2756
		s__GSINIT	2756
		s__GSINITTAIL	2CB4
		s__GSFINAL	2CB5
		.OAM	C000
		s__DATA	C0A0
		s__BSS	C1A2
		s__HEAP	C229
		s__BSEG	C229
		s__ISEG	C229
		s__XSEG	C229
		s__OVERLAY	C229
		.STACK	E000
		.refresh_OAM	FF80
		l__SFR	10000
AREA _CODE
	RADIX HEX
	BASE 0200
	SIZE 1050
	ATTRIB REL CON
	GLOBALS
		_movegamecharacter	0200
		_movegamecharacterlarge	028A
		_setupkirby	035A
		_setupsmiley	03ED
		_setupbomb	04A6
		_checkcollisions	0513
		_wouldhitsurface	07D8
		_jump	07ED
		_main	0881
		_putchar	0ADF
		_setchar	0AE8
		_gotoxy	0AF1
		_posx	0AFC
		_posy	0B0D
		.adv_gcurs	0B1E
		.circle	0B3B
		.horlin	0BDE
		.verlin	0C16
		.circplot	0C72
		.box	0CF0
		.line	0DC6
		.xonly	0EE7
		.yonly	1036
		.plot	1057
		.wrbyte	1074
		.getpix	10F6
		.wrtchr	112B
		_gotogxy	118F
		_wrtchr	119A
		_getpix	11AF
		_color	11BB
		_circle	11CA
		_box	11E4
		_line	1208
		_plot_point	1220
		_plot	1234
AREA _HEADER
	RADIX HEX
	BASE 0000
	SIZE 01EB
	ATTRIB ABS OVR
	GLOBALS
		_exit	01D2
AREA _HOME
	RADIX HEX
	BASE 1250
	SIZE 04AF
	ATTRIB REL CON
	GLOBALS
		.set_mode	1250
		.remove_VBL	1260
		.remove_LCD	1266
		.remove_TIM	126C
		.remove_SIO	1272
		.remove_JOY	1278
		.add_VBL	127E
		.add_LCD	1284
		.add_TIM	128A
		.add_SIO	1290
		.add_JOY	1296
		.remove_int	129C
		.add_int	12BC
		.wait_vbl_done	12D8
		_wait_vbl_done	12D8
		_display_off	12EF
		.display_off	12EF
		.serial_IO	1310
		_mode	133F
		_get_mode	1348
		_enable_interrupts	134D
		_disable_interrupts	134F
		_reset	1351
		.reset	1351
		_set_interrupts	1357
		_remove_VBL	1362
		_remove_LCD	136D
		_remove_TIM	1378
		_remove_SIO	1383
		_remove_JOY	138E
		_add_VBL	1399
		_add_LCD	13A4
		_add_TIM	13AF
		_add_SIO	13BA
		_add_JOY	13C5
		_clock	13D0
		__printTStates	13D9
		banked_call	13DA
		banked_ret	13F3
		_printf	13FC
		_sprintf	142B
AREA _BASE
	RADIX HEX
	BASE 16FF
	SIZE 1057
	ATTRIB REL CON
	GLOBALS
		.mv_sprite	16FF
		_move_sprite	170E
		_set_win_data	171B
		_set_bkg_data	171B
		_set_sprite_data	1768
		.padup	1797
		_waitpadup	1797
		.jpad	17A7
		.wait_pad	17D4
		_joypad	17DB
		_waitpad	17E0
		.set_sprite_tile	17EA
		_set_sprite_tile	17F7
		.delay	1802
		_delay	183C
		__modslong	1845
		__divslong	1845
		__mulslong	1845
		__divschar	1846
		__modschar	1852
		__divsint	185D
		__modsint	186E
		__divuchar	187D
		__moduchar	1889
		__divuint	1894
		__moduint	18A5
		.mod8	18B4
		.div8	18B4
		.mod16	18BC
		.div16	18BC
		.modu8	18F2
		.divu8	18F2
		.modu16	18F5
		.divu16	18F5
		.copy_vram	1932
		_get_data	1941
		_set_data	1941
		font_copy_uncompressed	1954
		font_copy_compressed	198A
		font_load	19DF
		font_copy_current	1A27
		font_set	1A6F
		.put_char	1A7C
		.out_char	1A95
		.del_char	1A9C
		_font_load	1AF7
		_font_set	1B05
		_font_init	1B14
		_cls	1B36
		.cls	1B36
		.cr_curs	1B68
		.adv_curs	1B7D
		.tmode	1BD9
		.tmode_out	1C02
		_font_load_ibm_fixed	1C12
		_font_ibm_fixed	1C19
		_font_ibm_fixed_tiles	1D1B
		.gmode	251B
		.vbl	257D
		.lcd	2588
		.draw_image	2595
		.switch_data	259F
		_switch_data	25D6
		_draw_image	25F1
		.y_table	2604
		.init_vram	2724
		.init_wtt	2732
		.init_btt	2742
		.init_tt	2750
AREA _LIT
	RADIX HEX
	BASE 2756
	SIZE 0000
	ATTRIB REL CON
AREA _GSINIT
	RADIX HEX
	BASE 2756
	SIZE 055E
	ATTRIB REL CON
	GLOBALS
		gsinit	2756
AREA _GSINITTAIL
	RADIX HEX
	BASE 2CB4
	SIZE 0001
	ATTRIB REL CON
AREA _GSFINAL
	RADIX HEX
	BASE 2CB5
	SIZE 0000
	ATTRIB REL CON
AREA _DATA
	RADIX HEX
	BASE C0A0
	SIZE 0102
	ATTRIB REL CON
	GLOBALS
		_kirbs16	C0A0
		_jumping	C180
		_gravity	C181
		_currentspeedY	C182
		_floorYposition	C183
		_spritesize	C184
		_spritestate	C185
		_speedx	C186
		_fallspeed	C187
		_kirby	C188
		_smiley	C190
		_bomb	C19A
AREA _BSS
	RADIX HEX
	BASE C1A2
	SIZE 0087
	ATTRIB REL CON
	GLOBALS
		__cpu	C1A2
		.mode	C1A3
		__io_out	C1A4
		__io_in	C1A5
		__io_status	C1A6
		.vbl_done	C1A7
		__current_bank	C1A8
		_sys_time	C1A9
		.sys_time	C1A9
		.int_0x40	C1AB
		.int_0x48	C1BB
		.int_0x50	C1CB
		.int_0x58	C1DB
		.int_0x60	C1EB
		font_current	C1FE
		font_first_free_tile	C201
		font_table	C202
		.curx	C214
		.cury	C215
		.fg_colour	C216
		.bg_colour	C217
AREA _HEAP
	RADIX HEX
	BASE C229
	SIZE 0000
	ATTRIB REL CON
	GLOBALS
		_malloc_heap_start	C229
AREA _OVERLAY
	RADIX HEX
	BASE C229
	SIZE 0000
	ATTRIB REL CON
AREA _ISEG
	RADIX HEX
	BASE C229
	SIZE 0000
	ATTRIB REL CON
AREA _BSEG
	RADIX HEX
	BASE C229
	SIZE 0000
	ATTRIB REL CON
AREA _XSEG
	RADIX HEX
	BASE C229
	SIZE 0000
	ATTRIB REL CON
AREA _SFR
	RADIX HEX
	BASE 0000
	SIZE 10000
	ATTRIB ABS OVR
	GLOBALS
		_P1_REG	FF00
		_SB_REG	FF01
		_SC_REG	FF02
		_DIV_REG	FF04
		_TIMA_REG	FF05
		_TMA_REG	FF06
		_TAC_REG	FF07
		_IF_REG	FF0F
		_NR10_REG	FF10
		_NR11_REG	FF11
		_NR12_REG	FF12
		_NR13_REG	FF13
		_NR14_REG	FF14
		_NR21_REG	FF16
		_NR22_REG	FF17
		_NR23_REG	FF18
		_NR24_REG	FF19
		_NR30_REG	FF1A
		_NR31_REG	FF1B
		_NR32_REG	FF1C
		_NR33_REG	FF1D
		_NR34_REG	FF1E
		_NR41_REG	FF20
		_NR42_REG	FF21
		_NR43_REG	FF22
		_NR44_REG	FF23
		_NR50_REG	FF24
		_NR51_REG	FF25
		_NR52_REG	FF26
		_LCDC_REG	FF40
		_STAT_REG	FF41
		_SCY_REG	FF42
		_SCX_REG	FF43
		_LY_REG	FF44
		_LYC_REG	FF45
		_DMA_REG	FF46
		_BGP_REG	FF47
		_OBP0_REG	FF48
		_OBP1_REG	FF49
		_WY_REG	FF4A
		_WX_REG	FF4B
		_KEY1_REG	FF4D
		_VBK_REG	FF4F
		_HDMA1_REG	FF51
		_HDMA2_REG	FF52
		_HDMA3_REG	FF53
		_HDMA4_REG	FF54
		_HDMA5_REG	FF55
		_RP_REG	FF56
		_BCPS_REG	FF68
		_BCPD_REG	FF69
		_OCPS_REG	FF6A
		_OCPD_REG	FF6B
		_SVBK_REG	FF70
		_IE_REG	FFFF
MODULES
	FILE C:\gbdk\lib/small/asxxxx/gb/crt0.o
		NAME Runtime
	FILE sprite_run.o
		NAME lcc121880
LIBRARIES
	LIBRARY C:\gbdk\lib/small/asxxxx/gb/gb.lib
		MODULE sfr.o
	LIBRARY C:\gbdk\lib/small/asxxxx/gb/gb.lib
		MODULE mv_spr.o
	LIBRARY C:\gbdk\lib/small/asxxxx/gb/gb.lib
		MODULE set_data.o
	LIBRARY C:\gbdk\lib/small/asxxxx/gb/gb.lib
		MODULE pad.o
	LIBRARY C:\gbdk\lib/small/asxxxx/gb/gb.lib
		MODULE set_spr.o
	LIBRARY C:\gbdk\lib/small/asxxxx/gb/gb.lib
		MODULE delay.o
	LIBRARY C:\gbdk\lib/small/asxxxx/gbz80/gbz80.lib
		MODULE printf.o
	LIBRARY C:\gbdk\lib/small/asxxxx/gbz80/gbz80.lib
		MODULE div.o
	LIBRARY C:\gbdk\lib/small/asxxxx/gb/gb.lib
		MODULE cpy_data.o
	LIBRARY C:\gbdk\lib/small/asxxxx/gb/gb.lib
		MODULE font.o
	LIBRARY C:\gbdk\lib/small/asxxxx/gb/gb.lib
		MODULE ibmfixed.o
	LIBRARY C:\gbdk\lib/small/asxxxx/gb/gb.lib
		MODULE drawing.o
	LIBRARY C:\gbdk\lib/small/asxxxx/gb/gb.lib
		MODULE init_tt.o
USERBASEDEF
	_CODE=0x0200
	_DATA=0xC0A0
	_CODE_1=0x4000
USERGLOBALDEF
	.OAM=0xC000
	.STACK=0xE000
	.refresh_OAM=0xFF80
	.init=0x0000
