                                      1 ;--------------------------------------------------------
                                      2 ; File Created by SDCC : free open source ANSI-C Compiler
                                      3 ; Version 4.1.6 #12539 (Mac OS X x86_64)
                                      4 ;--------------------------------------------------------
                                      5 	.module map_v1_1
                                      6 	.optsdcc -mgbz80
                                      7 	
                                      8 ;--------------------------------------------------------
                                      9 ; Public variables in this module
                                     10 ;--------------------------------------------------------
                                     11 	.globl _map_v1_1_label
                                     12 	.globl _map_v1_1_labelCGB
                                     13 ;--------------------------------------------------------
                                     14 ; special function registers
                                     15 ;--------------------------------------------------------
                                     16 ;--------------------------------------------------------
                                     17 ; ram data
                                     18 ;--------------------------------------------------------
                                     19 	.area _DATA
                                     20 ;--------------------------------------------------------
                                     21 ; ram data
                                     22 ;--------------------------------------------------------
                                     23 	.area _INITIALIZED
                                     24 ;--------------------------------------------------------
                                     25 ; absolute external ram data
                                     26 ;--------------------------------------------------------
                                     27 	.area _DABS (ABS)
                                     28 ;--------------------------------------------------------
                                     29 ; global & static initialisations
                                     30 ;--------------------------------------------------------
                                     31 	.area _HOME
                                     32 	.area _GSINIT
                                     33 	.area _GSFINAL
                                     34 	.area _GSINIT
                                     35 ;--------------------------------------------------------
                                     36 ; Home
                                     37 ;--------------------------------------------------------
                                     38 	.area _HOME
                                     39 	.area _HOME
                                     40 ;--------------------------------------------------------
                                     41 ; code
                                     42 ;--------------------------------------------------------
                                     43 	.area _CODE
                                     44 	.area _CODE
      000000                         45 _map_v1_1_labelCGB:
      000000 00                      46 	.db #0x00	; 0
      000001 00                      47 	.db #0x00	; 0
      000002 00                      48 	.db #0x00	; 0
      000003 00                      49 	.db #0x00	; 0
      000004 00                      50 	.db #0x00	; 0
      000005 00                      51 	.db #0x00	; 0
      000006 00                      52 	.db #0x00	; 0
      000007                         53 _map_v1_1_label:
      000007 00                      54 	.db #0x00	; 0
      000008 00                      55 	.db #0x00	; 0
      000009 00                      56 	.db #0x00	; 0
      00000A 00                      57 	.db #0x00	; 0
      00000B 00                      58 	.db #0x00	; 0
      00000C 00                      59 	.db #0x00	; 0
      00000D 00                      60 	.db #0x00	; 0
      00000E 00                      61 	.db #0x00	; 0
      00000F 00                      62 	.db #0x00	; 0
      000010 00                      63 	.db #0x00	; 0
      000011 00                      64 	.db #0x00	; 0
      000012 00                      65 	.db #0x00	; 0
      000013 00                      66 	.db #0x00	; 0
      000014 00                      67 	.db #0x00	; 0
      000015 00                      68 	.db #0x00	; 0
      000016 00                      69 	.db #0x00	; 0
      000017 00                      70 	.db #0x00	; 0
      000018 00                      71 	.db #0x00	; 0
      000019 00                      72 	.db #0x00	; 0
      00001A 00                      73 	.db #0x00	; 0
      00001B 30                      74 	.db #0x30	; 48	'0'
      00001C 30                      75 	.db #0x30	; 48	'0'
      00001D 18                      76 	.db #0x18	; 24
      00001E 18                      77 	.db #0x18	; 24
      00001F 0C                      78 	.db #0x0c	; 12
      000020 0C                      79 	.db #0x0c	; 12
      000021 EE                      80 	.db #0xee	; 238
      000022 EE                      81 	.db #0xee	; 238
      000023 77                      82 	.db #0x77	; 119	'w'
      000024 77                      83 	.db #0x77	; 119	'w'
      000025 3B                      84 	.db #0x3b	; 59
      000026 3B                      85 	.db #0x3b	; 59
      000027 00                      86 	.db #0x00	; 0
      000028 00                      87 	.db #0x00	; 0
      000029 00                      88 	.db #0x00	; 0
      00002A 00                      89 	.db #0x00	; 0
      00002B 09                      90 	.db #0x09	; 9
      00002C 09                      91 	.db #0x09	; 9
      00002D 53                      92 	.db #0x53	; 83	'S'
      00002E 53                      93 	.db #0x53	; 83	'S'
      00002F D6                      94 	.db #0xd6	; 214
      000030 D6                      95 	.db #0xd6	; 214
      000031 BE                      96 	.db #0xbe	; 190
      000032 BE                      97 	.db #0xbe	; 190
      000033 BC                      98 	.db #0xbc	; 188
      000034 BC                      99 	.db #0xbc	; 188
      000035 FE                     100 	.db #0xfe	; 254
      000036 FE                     101 	.db #0xfe	; 254
      000037 00                     102 	.db #0x00	; 0
      000038 00                     103 	.db #0x00	; 0
      000039 00                     104 	.db #0x00	; 0
      00003A 00                     105 	.db #0x00	; 0
      00003B 00                     106 	.db #0x00	; 0
      00003C 00                     107 	.db #0x00	; 0
      00003D 00                     108 	.db #0x00	; 0
      00003E 00                     109 	.db #0x00	; 0
      00003F 08                     110 	.db #0x08	; 8
      000040 08                     111 	.db #0x08	; 8
      000041 98                     112 	.db #0x98	; 152
      000042 98                     113 	.db #0x98	; 152
      000043 D3                     114 	.db #0xd3	; 211
      000044 D3                     115 	.db #0xd3	; 211
      000045 46                     116 	.db #0x46	; 70	'F'
      000046 46                     117 	.db #0x46	; 70	'F'
      000047 00                     118 	.db #0x00	; 0
      000048 00                     119 	.db #0x00	; 0
      000049 00                     120 	.db #0x00	; 0
      00004A 00                     121 	.db #0x00	; 0
      00004B 0C                     122 	.db #0x0c	; 12
      00004C 0C                     123 	.db #0x0c	; 12
      00004D 18                     124 	.db #0x18	; 24
      00004E 18                     125 	.db #0x18	; 24
      00004F 30                     126 	.db #0x30	; 48	'0'
      000050 30                     127 	.db #0x30	; 48	'0'
      000051 77                     128 	.db #0x77	; 119	'w'
      000052 77                     129 	.db #0x77	; 119	'w'
      000053 EE                     130 	.db #0xee	; 238
      000054 EE                     131 	.db #0xee	; 238
      000055 DC                     132 	.db #0xdc	; 220
      000056 DC                     133 	.db #0xdc	; 220
      000057 00                     134 	.db #0x00	; 0
      000058 00                     135 	.db #0x00	; 0
      000059 00                     136 	.db #0x00	; 0
      00005A 00                     137 	.db #0x00	; 0
      00005B 90                     138 	.db #0x90	; 144
      00005C 90                     139 	.db #0x90	; 144
      00005D CA                     140 	.db #0xca	; 202
      00005E CA                     141 	.db #0xca	; 202
      00005F 6B                     142 	.db #0x6b	; 107	'k'
      000060 6B                     143 	.db #0x6b	; 107	'k'
      000061 7D                     144 	.db #0x7d	; 125
      000062 7D                     145 	.db #0x7d	; 125
      000063 3D                     146 	.db #0x3d	; 61
      000064 3D                     147 	.db #0x3d	; 61
      000065 7F                     148 	.db #0x7f	; 127
      000066 7F                     149 	.db #0x7f	; 127
      000067 00                     150 	.db #0x00	; 0
      000068 00                     151 	.db #0x00	; 0
      000069 00                     152 	.db #0x00	; 0
      00006A 00                     153 	.db #0x00	; 0
      00006B 00                     154 	.db #0x00	; 0
      00006C 00                     155 	.db #0x00	; 0
      00006D 00                     156 	.db #0x00	; 0
      00006E 00                     157 	.db #0x00	; 0
      00006F 10                     158 	.db #0x10	; 16
      000070 10                     159 	.db #0x10	; 16
      000071 19                     160 	.db #0x19	; 25
      000072 19                     161 	.db #0x19	; 25
      000073 CB                     162 	.db #0xcb	; 203
      000074 CB                     163 	.db #0xcb	; 203
      000075 62                     164 	.db #0x62	; 98	'b'
      000076 62                     165 	.db #0x62	; 98	'b'
                                    166 	.area _INITIALIZER
                                    167 	.area _CABS (ABS)
