                                      1 ;--------------------------------------------------------
                                      2 ; File Created by SDCC : free open source ANSI-C Compiler
                                      3 ; Version 4.1.6 #12539 (Mac OS X x86_64)
                                      4 ;--------------------------------------------------------
                                      5 	.module sprite_run
                                      6 	.optsdcc -mgbz80
                                      7 	
                                      8 ;--------------------------------------------------------
                                      9 ; Public variables in this module
                                     10 ;--------------------------------------------------------
                                     11 	.globl _special
                                     12 	.globl _keypress
                                     13 	.globl _main
                                     14 	.globl _performantdelay
                                     15 	.globl _definevar
                                     16 	.globl _set_sprite_palette
                                     17 	.globl _set_bkg_palette
                                     18 	.globl _set_sprite_data
                                     19 	.globl _set_bkg_tiles
                                     20 	.globl _set_bkg_data
                                     21 	.globl _wait_vbl_done
                                     22 	.globl _waitpadup
                                     23 	.globl _joypad
                                     24 	.globl _delay
                                     25 	.globl _spawnlocal
                                     26 	.globl _spawn
                                     27 	.globl _mappos
                                     28 	.globl _status
                                     29 	.globl _enemyspawn0
                                     30 	.globl _towerClocation
                                     31 	.globl _towerBlocation
                                     32 	.globl _towerAlocation
                                     33 	.globl _keydown
                                     34 	.globl _specSel
                                     35 	.globl _selectorlocation
                                     36 	.globl _crosshairlocation
                                     37 	.globl _outofthefuckingway
                                     38 	.globl _spritepalette
                                     39 	.globl _backgpalette
                                     40 	.globl _selector
                                     41 	.globl _crosshair
                                     42 ;--------------------------------------------------------
                                     43 ; special function registers
                                     44 ;--------------------------------------------------------
                                     45 ;--------------------------------------------------------
                                     46 ; ram data
                                     47 ;--------------------------------------------------------
                                     48 	.area _DATA
      000000                         49 _outofthefuckingway::
      000000                         50 	.ds 2
      000002                         51 _crosshairlocation::
      000002                         52 	.ds 2
      000004                         53 _selectorlocation::
      000004                         54 	.ds 2
      000006                         55 _specSel::
      000006                         56 	.ds 1
      000007                         57 _keydown::
      000007                         58 	.ds 1
      000008                         59 _towerAlocation::
      000008                         60 	.ds 2
      00000A                         61 _towerBlocation::
      00000A                         62 	.ds 2
      00000C                         63 _towerClocation::
      00000C                         64 	.ds 2
      00000E                         65 _enemyspawn0::
      00000E                         66 	.ds 2
                                     67 ;--------------------------------------------------------
                                     68 ; ram data
                                     69 ;--------------------------------------------------------
                                     70 	.area _INITIALIZED
      000000                         71 _status::
      000000                         72 	.ds 1
      000001                         73 _mappos::
      000001                         74 	.ds 1
      000002                         75 _spawn::
      000002                         76 	.ds 1
      000003                         77 _spawnlocal::
      000003                         78 	.ds 1
                                     79 ;--------------------------------------------------------
                                     80 ; absolute external ram data
                                     81 ;--------------------------------------------------------
                                     82 	.area _DABS (ABS)
                                     83 ;--------------------------------------------------------
                                     84 ; global & static initialisations
                                     85 ;--------------------------------------------------------
                                     86 	.area _HOME
                                     87 	.area _GSINIT
                                     88 	.area _GSFINAL
                                     89 	.area _GSINIT
                                     90 ;--------------------------------------------------------
                                     91 ; Home
                                     92 ;--------------------------------------------------------
                                     93 	.area _HOME
                                     94 	.area _HOME
                                     95 ;--------------------------------------------------------
                                     96 ; code
                                     97 ;--------------------------------------------------------
                                     98 	.area _CODE
                                     99 ;Variable_pckg.c:28: void definevar() {
                                    100 ;	---------------------------------
                                    101 ; Function definevar
                                    102 ; ---------------------------------
      000000                        103 _definevar::
                                    104 ;Variable_pckg.c:30: towerAlocation[0] = 96;
      000000 21r08r00               105 	ld	hl, #_towerAlocation
      000003 36 60                  106 	ld	(hl), #0x60
                                    107 ;Variable_pckg.c:31: towerAlocation[1] = 148;
      000005 21r09r00               108 	ld	hl, #(_towerAlocation + 1)
      000008 36 94                  109 	ld	(hl), #0x94
                                    110 ;Variable_pckg.c:34: towerBlocation[0] = 40;
      00000A 21r0Ar00               111 	ld	hl, #_towerBlocation
      00000D 36 28                  112 	ld	(hl), #0x28
                                    113 ;Variable_pckg.c:35: towerBlocation[1] = 88;
      00000F 21r0Br00               114 	ld	hl, #(_towerBlocation + 1)
      000012 36 58                  115 	ld	(hl), #0x58
                                    116 ;Variable_pckg.c:38: towerClocation[0] = 125;
      000014 21r0Cr00               117 	ld	hl, #_towerClocation
      000017 36 7D                  118 	ld	(hl), #0x7d
                                    119 ;Variable_pckg.c:39: towerClocation[1] = 72;
      000019 21r0Dr00               120 	ld	hl, #(_towerClocation + 1)
      00001C 36 48                  121 	ld	(hl), #0x48
                                    122 ;Variable_pckg.c:42: selectorlocation[0] = towerAlocation[0];
      00001E 01r04r00               123 	ld	bc, #_selectorlocation+0
      000021 FAr08r00               124 	ld	a, (#_towerAlocation + 0)
      000024 02                     125 	ld	(bc), a
                                    126 ;Variable_pckg.c:43: selectorlocation[1] = towerAlocation[1];
      000025 03                     127 	inc	bc
      000026 FAr09r00               128 	ld	a, (#(_towerAlocation + 1) + 0)
      000029 02                     129 	ld	(bc), a
                                    130 ;Variable_pckg.c:44: crosshairlocation[0] = 80;
      00002A 21r02r00               131 	ld	hl, #_crosshairlocation
      00002D 36 50                  132 	ld	(hl), #0x50
                                    133 ;Variable_pckg.c:45: crosshairlocation[1] = 72;
      00002F 21r03r00               134 	ld	hl, #(_crosshairlocation + 1)
      000032 36 48                  135 	ld	(hl), #0x48
                                    136 ;Variable_pckg.c:48: enemyspawn0[0] = 60;
      000034 01r0Er00               137 	ld	bc, #_enemyspawn0+0
      000037 3E 3C                  138 	ld	a, #0x3c
      000039 02                     139 	ld	(bc), a
                                    140 ;Variable_pckg.c:49: enemyspawn0[1] = 0;
      00003A 03                     141 	inc	bc
      00003B AF                     142 	xor	a, a
      00003C 02                     143 	ld	(bc), a
                                    144 ;Variable_pckg.c:51: }
      00003D C9                     145 	ret
                                    146 ;sprite_run.c:66: void performantdelay(UINT8 numloops){
                                    147 ;	---------------------------------
                                    148 ; Function performantdelay
                                    149 ; ---------------------------------
      00003E                        150 _performantdelay::
                                    151 ;sprite_run.c:68: for(i = 0; i < numloops; i++){
      00003E 0E 00                  152 	ld	c, #0x00
      000040                        153 00103$:
      000040 79                     154 	ld	a, c
      000041 F8 02                  155 	ldhl	sp,	#2
      000043 96                     156 	sub	a, (hl)
      000044 D0                     157 	ret	NC
                                    158 ;sprite_run.c:69: wait_vbl_done();
      000045 CDr00r00               159 	call	_wait_vbl_done
                                    160 ;sprite_run.c:68: for(i = 0; i < numloops; i++){
      000048 0C                     161 	inc	c
                                    162 ;sprite_run.c:71: }
      000049 18 F5                  163 	jr	00103$
      00004B                        164 _backgpalette:
      00004B 6F 53                  165 	.dw #0x536f
      00004D D6 5A                  166 	.dw #0x5ad6
      00004F DB 42                  167 	.dw #0x42db
      000051 CE 4A                  168 	.dw #0x4ace
      000053 BC 17                  169 	.dw #0x17bc
      000055 E7 22                  170 	.dw #0x22e7
      000057 C4 19                  171 	.dw #0x19c4
      000059 E0 14                  172 	.dw #0x14e0
      00005B BC 17                  173 	.dw #0x17bc
      00005D E7 22                  174 	.dw #0x22e7
      00005F C4 19                  175 	.dw #0x19c4
      000061 E0 14                  176 	.dw #0x14e0
      000063 BC 17                  177 	.dw #0x17bc
      000065 E7 22                  178 	.dw #0x22e7
      000067 C4 19                  179 	.dw #0x19c4
      000069 E0 14                  180 	.dw #0x14e0
      00006B BC 17                  181 	.dw #0x17bc
      00006D E7 22                  182 	.dw #0x22e7
      00006F C4 19                  183 	.dw #0x19c4
      000071 E0 14                  184 	.dw #0x14e0
      000073 BC 17                  185 	.dw #0x17bc
      000075 E7 22                  186 	.dw #0x22e7
      000077 C4 19                  187 	.dw #0x19c4
      000079 E0 14                  188 	.dw #0x14e0
      00007B BC 17                  189 	.dw #0x17bc
      00007D E7 22                  190 	.dw #0x22e7
      00007F C4 19                  191 	.dw #0x19c4
      000081 E0 14                  192 	.dw #0x14e0
      000083 BC 17                  193 	.dw #0x17bc
      000085 E7 22                  194 	.dw #0x22e7
      000087 C4 19                  195 	.dw #0x19c4
      000089 E0 14                  196 	.dw #0x14e0
      00008B                        197 _spritepalette:
      00008B FF 7F                  198 	.dw #0x7fff
      00008D 21 14                  199 	.dw #0x1421
      00008F 63 40                  200 	.dw #0x4063
      000091 E7 7C                  201 	.dw #0x7ce7
                                    202 ;sprite_run.c:73: void main(){
                                    203 ;	---------------------------------
                                    204 ; Function main
                                    205 ; ---------------------------------
      000093                        206 _main::
                                    207 ;sprite_run.c:81: definevar();
      000093 CDr00r00               208 	call	_definevar
                                    209 ;sprite_run.c:84: set_sprite_data(0, 127, GTP);
      000096 11r00r00               210 	ld	de, #_GTP
      000099 D5                     211 	push	de
      00009A 21 00 7F               212 	ld	hl, #0x7f00
      00009D E5                     213 	push	hl
      00009E CDr00r00               214 	call	_set_sprite_data
      0000A1 E8 04                  215 	add	sp, #4
                                    216 ;sprite_run.c:86: set_sprite_palette(0, 8, &spritepalette[0]);
      0000A3 11r8Br00               217 	ld	de, #_spritepalette
      0000A6 D5                     218 	push	de
      0000A7 21 00 08               219 	ld	hl, #0x800
      0000AA E5                     220 	push	hl
      0000AB CDr00r00               221 	call	_set_sprite_palette
      0000AE E8 04                  222 	add	sp, #4
                                    223 ;sprite_run.c:88: set_bkg_palette(0, 6, &backgpalette[0]);
      0000B0 11r4Br00               224 	ld	de, #_backgpalette
      0000B3 D5                     225 	push	de
      0000B4 21 00 06               226 	ld	hl, #0x600
      0000B7 E5                     227 	push	hl
      0000B8 CDr00r00               228 	call	_set_bkg_palette
      0000BB E8 04                  229 	add	sp, #4
                                    230 ;sprite_run.c:90: set_bkg_data(0, 6, Grassland);
      0000BD 01r00r00               231 	ld	bc, #_GrasslandPLN0+0
      0000C0 C5                     232 	push	bc
      0000C1 21 00 06               233 	ld	hl, #0x600
      0000C4 E5                     234 	push	hl
      0000C5 CDr00r00               235 	call	_set_bkg_data
      0000C8 E8 04                  236 	add	sp, #4
                                    237 ;sprite_run.c:91: VBK_REG = 1;
      0000CA 3E 01                  238 	ld	a, #0x01
      0000CC E0r00                  239 	ldh	(_VBK_REG + 0), a
                                    240 ;sprite_run.c:92: set_bkg_tiles(0, 0, GrasslandWidth, GrasslandHeight, GrasslandPLN1);
      0000CE 11r00r00               241 	ld	de, #_GrasslandPLN1
      0000D1 D5                     242 	push	de
      0000D2 21 14 12               243 	ld	hl, #0x1214
      0000D5 E5                     244 	push	hl
      0000D6 AF                     245 	xor	a, a
      0000D7 0F                     246 	rrca
      0000D8 F5                     247 	push	af
      0000D9 CDr00r00               248 	call	_set_bkg_tiles
      0000DC E8 06                  249 	add	sp, #6
                                    250 ;sprite_run.c:93: VBK_REG = 0;
      0000DE AF                     251 	xor	a, a
      0000DF E0r00                  252 	ldh	(_VBK_REG + 0), a
                                    253 ;sprite_run.c:94: set_bkg_tiles(0, 0, GrasslandWidth, GrasslandHeight, GrasslandPLN0);
      0000E1 C5                     254 	push	bc
      0000E2 21 14 12               255 	ld	hl, #0x1214
      0000E5 E5                     256 	push	hl
      0000E6 AF                     257 	xor	a, a
      0000E7 0F                     258 	rrca
      0000E8 F5                     259 	push	af
      0000E9 CDr00r00               260 	call	_set_bkg_tiles
      0000EC E8 06                  261 	add	sp, #6
                                    262 ;sprite_run.c:95: set_bkg_palette(0,1,&backgpalette[0]);
      0000EE 11r4Br00               263 	ld	de, #_backgpalette
      0000F1 D5                     264 	push	de
      0000F2 AF                     265 	xor	a, a
      0000F3 3C                     266 	inc	a
      0000F4 F5                     267 	push	af
      0000F5 CDr00r00               268 	call	_set_bkg_palette
      0000F8 E8 04                  269 	add	sp, #4
                                    270 ;/opt/gbdk/include/gb/gb.h:1326: shadow_OAM[nb].tile=tile;
      0000FA 21r02r00               271 	ld	hl, #(_shadow_OAM + 2)
      0000FD 36 0F                  272 	ld	(hl), #0x0f
                                    273 ;sprite_run.c:104: move_sprite(0, towerAlocation[0], towerAlocation[1]);
      0000FF 21r09r00               274 	ld	hl, #(_towerAlocation + 1)
      000102 46                     275 	ld	b, (hl)
      000103 21r08r00               276 	ld	hl, #_towerAlocation
      000106 4E                     277 	ld	c, (hl)
                                    278 ;/opt/gbdk/include/gb/gb.h:1399: OAM_item_t * itm = &shadow_OAM[nb];
      000107 21r00r00               279 	ld	hl, #_shadow_OAM
                                    280 ;/opt/gbdk/include/gb/gb.h:1400: itm->y=y, itm->x=x;
      00010A 78                     281 	ld	a, b
      00010B 22                     282 	ld	(hl+), a
      00010C 71                     283 	ld	(hl), c
                                    284 ;/opt/gbdk/include/gb/gb.h:1326: shadow_OAM[nb].tile=tile;
      00010D 21r06r00               285 	ld	hl, #(_shadow_OAM + 6)
      000110 36 0E                  286 	ld	(hl), #0x0e
                                    287 ;/opt/gbdk/include/gb/gb.h:1372: shadow_OAM[nb].prop=prop;
      000112 21r03r00               288 	ld	hl, #(_shadow_OAM + 3)
      000115 36 00                  289 	ld	(hl), #0x00
                                    290 ;/opt/gbdk/include/gb/gb.h:1326: shadow_OAM[nb].tile=tile;
      000117 21r0Ar00               291 	ld	hl, #(_shadow_OAM + 10)
      00011A 36 30                  292 	ld	(hl), #0x30
      00011C 21r0Er00               293 	ld	hl, #(_shadow_OAM + 14)
      00011F 36 31                  294 	ld	(hl), #0x31
      000121 21r12r00               295 	ld	hl, #(_shadow_OAM + 18)
      000124 36 32                  296 	ld	(hl), #0x32
      000126 21r16r00               297 	ld	hl, #(_shadow_OAM + 22)
      000129 36 33                  298 	ld	(hl), #0x33
      00012B 21r1Ar00               299 	ld	hl, #(_shadow_OAM + 26)
      00012E 36 34                  300 	ld	(hl), #0x34
      000130 21r1Er00               301 	ld	hl, #(_shadow_OAM + 30)
      000133 36 35                  302 	ld	(hl), #0x35
      000135 21r22r00               303 	ld	hl, #(_shadow_OAM + 34)
      000138 36 36                  304 	ld	(hl), #0x36
      00013A 21r26r00               305 	ld	hl, #(_shadow_OAM + 38)
      00013D 36 37                  306 	ld	(hl), #0x37
      00013F 21r2Ar00               307 	ld	hl, #(_shadow_OAM + 42)
      000142 36 30                  308 	ld	(hl), #0x30
      000144 21r2Er00               309 	ld	hl, #(_shadow_OAM + 46)
      000147 36 31                  310 	ld	(hl), #0x31
      000149 21r32r00               311 	ld	hl, #(_shadow_OAM + 50)
      00014C 36 32                  312 	ld	(hl), #0x32
      00014E 21r36r00               313 	ld	hl, #(_shadow_OAM + 54)
      000151 36 33                  314 	ld	(hl), #0x33
      000153 21r3Ar00               315 	ld	hl, #(_shadow_OAM + 58)
      000156 36 34                  316 	ld	(hl), #0x34
      000158 21r3Er00               317 	ld	hl, #(_shadow_OAM + 62)
      00015B 36 35                  318 	ld	(hl), #0x35
      00015D 21r42r00               319 	ld	hl, #(_shadow_OAM + 66)
      000160 36 36                  320 	ld	(hl), #0x36
      000162 21r46r00               321 	ld	hl, #(_shadow_OAM + 70)
      000165 36 37                  322 	ld	(hl), #0x37
      000167 21r4Ar00               323 	ld	hl, #(_shadow_OAM + 74)
      00016A 36 30                  324 	ld	(hl), #0x30
      00016C 21r4Er00               325 	ld	hl, #(_shadow_OAM + 78)
      00016F 36 31                  326 	ld	(hl), #0x31
      000171 21r52r00               327 	ld	hl, #(_shadow_OAM + 82)
      000174 36 32                  328 	ld	(hl), #0x32
      000176 21r56r00               329 	ld	hl, #(_shadow_OAM + 86)
      000179 36 33                  330 	ld	(hl), #0x33
      00017B 21r5Ar00               331 	ld	hl, #(_shadow_OAM + 90)
      00017E 36 34                  332 	ld	(hl), #0x34
      000180 21r5Er00               333 	ld	hl, #(_shadow_OAM + 94)
      000183 36 35                  334 	ld	(hl), #0x35
      000185 21r62r00               335 	ld	hl, #(_shadow_OAM + 98)
      000188 36 36                  336 	ld	(hl), #0x36
      00018A 21r66r00               337 	ld	hl, #(_shadow_OAM + 102)
      00018D 36 37                  338 	ld	(hl), #0x37
      00018F 21r6Ar00               339 	ld	hl, #(_shadow_OAM + 106)
      000192 36 00                  340 	ld	(hl), #0x00
                                    341 ;sprite_run.c:144: move_sprite(9, towerAlocation[0], towerAlocation[1]);
      000194 21r09r00               342 	ld	hl, #(_towerAlocation + 1)
      000197 46                     343 	ld	b, (hl)
      000198 21r08r00               344 	ld	hl, #_towerAlocation
      00019B 4E                     345 	ld	c, (hl)
                                    346 ;/opt/gbdk/include/gb/gb.h:1399: OAM_item_t * itm = &shadow_OAM[nb];
      00019C 21r24r00               347 	ld	hl, #(_shadow_OAM + 36)
                                    348 ;/opt/gbdk/include/gb/gb.h:1400: itm->y=y, itm->x=x;
      00019F 78                     349 	ld	a, b
      0001A0 22                     350 	ld	(hl+), a
      0001A1 71                     351 	ld	(hl), c
                                    352 ;sprite_run.c:146: move_sprite(7, towerAlocation[0] - 8, towerAlocation[1]);
      0001A2 21r09r00               353 	ld	hl, #(_towerAlocation + 1)
      0001A5 46                     354 	ld	b, (hl)
      0001A6 FAr08r00               355 	ld	a, (#_towerAlocation + 0)
      0001A9 C6 F8                  356 	add	a, #0xf8
      0001AB 4F                     357 	ld	c, a
                                    358 ;/opt/gbdk/include/gb/gb.h:1399: OAM_item_t * itm = &shadow_OAM[nb];
      0001AC 21r1Cr00               359 	ld	hl, #(_shadow_OAM + 28)
                                    360 ;/opt/gbdk/include/gb/gb.h:1400: itm->y=y, itm->x=x;
      0001AF 78                     361 	ld	a, b
      0001B0 22                     362 	ld	(hl+), a
      0001B1 71                     363 	ld	(hl), c
                                    364 ;sprite_run.c:148: move_sprite(8, towerAlocation[0], towerAlocation[1] - 8);
      0001B2 FAr09r00               365 	ld	a, (#(_towerAlocation + 1) + 0)
      0001B5 C6 F8                  366 	add	a, #0xf8
      0001B7 47                     367 	ld	b, a
      0001B8 21r08r00               368 	ld	hl, #_towerAlocation
      0001BB 4E                     369 	ld	c, (hl)
                                    370 ;/opt/gbdk/include/gb/gb.h:1399: OAM_item_t * itm = &shadow_OAM[nb];
      0001BC 21r20r00               371 	ld	hl, #(_shadow_OAM + 32)
                                    372 ;/opt/gbdk/include/gb/gb.h:1400: itm->y=y, itm->x=x;
      0001BF 78                     373 	ld	a, b
      0001C0 22                     374 	ld	(hl+), a
      0001C1 71                     375 	ld	(hl), c
                                    376 ;sprite_run.c:150: move_sprite(6, towerAlocation[0] - 8, towerAlocation[1] - 8);
      0001C2 FAr09r00               377 	ld	a, (#(_towerAlocation + 1) + 0)
      0001C5 C6 F8                  378 	add	a, #0xf8
      0001C7 47                     379 	ld	b, a
      0001C8 FAr08r00               380 	ld	a, (#_towerAlocation + 0)
      0001CB C6 F8                  381 	add	a, #0xf8
      0001CD 4F                     382 	ld	c, a
                                    383 ;/opt/gbdk/include/gb/gb.h:1399: OAM_item_t * itm = &shadow_OAM[nb];
      0001CE 21r18r00               384 	ld	hl, #(_shadow_OAM + 24)
                                    385 ;/opt/gbdk/include/gb/gb.h:1400: itm->y=y, itm->x=x;
      0001D1 78                     386 	ld	a, b
      0001D2 22                     387 	ld	(hl+), a
      0001D3 71                     388 	ld	(hl), c
                                    389 ;sprite_run.c:152: move_sprite(5, towerAlocation[0], towerAlocation[1] - 16);
      0001D4 FAr09r00               390 	ld	a, (#(_towerAlocation + 1) + 0)
      0001D7 C6 F0                  391 	add	a, #0xf0
      0001D9 47                     392 	ld	b, a
      0001DA 21r08r00               393 	ld	hl, #_towerAlocation
      0001DD 4E                     394 	ld	c, (hl)
                                    395 ;/opt/gbdk/include/gb/gb.h:1399: OAM_item_t * itm = &shadow_OAM[nb];
      0001DE 21r14r00               396 	ld	hl, #(_shadow_OAM + 20)
                                    397 ;/opt/gbdk/include/gb/gb.h:1400: itm->y=y, itm->x=x;
      0001E1 78                     398 	ld	a, b
      0001E2 22                     399 	ld	(hl+), a
      0001E3 71                     400 	ld	(hl), c
                                    401 ;sprite_run.c:154: move_sprite(3, towerAlocation[0] - 8, towerAlocation[1] - 16);
      0001E4 FAr09r00               402 	ld	a, (#(_towerAlocation + 1) + 0)
      0001E7 C6 F0                  403 	add	a, #0xf0
      0001E9 47                     404 	ld	b, a
      0001EA FAr08r00               405 	ld	a, (#_towerAlocation + 0)
      0001ED C6 F8                  406 	add	a, #0xf8
      0001EF 4F                     407 	ld	c, a
                                    408 ;/opt/gbdk/include/gb/gb.h:1399: OAM_item_t * itm = &shadow_OAM[nb];
      0001F0 21r0Cr00               409 	ld	hl, #(_shadow_OAM + 12)
                                    410 ;/opt/gbdk/include/gb/gb.h:1400: itm->y=y, itm->x=x;
      0001F3 78                     411 	ld	a, b
      0001F4 22                     412 	ld	(hl+), a
      0001F5 71                     413 	ld	(hl), c
                                    414 ;sprite_run.c:156: move_sprite(4, towerAlocation[0], towerAlocation[1] - 24);
      0001F6 FAr09r00               415 	ld	a, (#(_towerAlocation + 1) + 0)
      0001F9 C6 E8                  416 	add	a, #0xe8
      0001FB 47                     417 	ld	b, a
      0001FC 21r08r00               418 	ld	hl, #_towerAlocation
      0001FF 4E                     419 	ld	c, (hl)
                                    420 ;/opt/gbdk/include/gb/gb.h:1399: OAM_item_t * itm = &shadow_OAM[nb];
      000200 21r10r00               421 	ld	hl, #(_shadow_OAM + 16)
                                    422 ;/opt/gbdk/include/gb/gb.h:1400: itm->y=y, itm->x=x;
      000203 78                     423 	ld	a, b
      000204 22                     424 	ld	(hl+), a
      000205 71                     425 	ld	(hl), c
                                    426 ;sprite_run.c:158: move_sprite(2, towerAlocation[0] - 8, towerAlocation[1] - 24);
      000206 FAr09r00               427 	ld	a, (#(_towerAlocation + 1) + 0)
      000209 C6 E8                  428 	add	a, #0xe8
      00020B 47                     429 	ld	b, a
      00020C FAr08r00               430 	ld	a, (#_towerAlocation + 0)
      00020F C6 F8                  431 	add	a, #0xf8
      000211 4F                     432 	ld	c, a
                                    433 ;/opt/gbdk/include/gb/gb.h:1399: OAM_item_t * itm = &shadow_OAM[nb];
      000212 21r08r00               434 	ld	hl, #(_shadow_OAM + 8)
                                    435 ;/opt/gbdk/include/gb/gb.h:1400: itm->y=y, itm->x=x;
      000215 78                     436 	ld	a, b
      000216 22                     437 	ld	(hl+), a
      000217 71                     438 	ld	(hl), c
                                    439 ;sprite_run.c:161: move_sprite(17, towerBlocation[0], towerBlocation[1]);
      000218 21r0Br00               440 	ld	hl, #(_towerBlocation + 1)
      00021B 46                     441 	ld	b, (hl)
      00021C 21r0Ar00               442 	ld	hl, #_towerBlocation
      00021F 4E                     443 	ld	c, (hl)
                                    444 ;/opt/gbdk/include/gb/gb.h:1399: OAM_item_t * itm = &shadow_OAM[nb];
      000220 21r44r00               445 	ld	hl, #(_shadow_OAM + 68)
                                    446 ;/opt/gbdk/include/gb/gb.h:1400: itm->y=y, itm->x=x;
      000223 78                     447 	ld	a, b
      000224 22                     448 	ld	(hl+), a
      000225 71                     449 	ld	(hl), c
                                    450 ;sprite_run.c:163: move_sprite(15, towerBlocation[0] - 8, towerBlocation[1]);
      000226 21r0Br00               451 	ld	hl, #(_towerBlocation + 1)
      000229 46                     452 	ld	b, (hl)
      00022A FAr0Ar00               453 	ld	a, (#_towerBlocation + 0)
      00022D C6 F8                  454 	add	a, #0xf8
      00022F 4F                     455 	ld	c, a
                                    456 ;/opt/gbdk/include/gb/gb.h:1399: OAM_item_t * itm = &shadow_OAM[nb];
      000230 21r3Cr00               457 	ld	hl, #(_shadow_OAM + 60)
                                    458 ;/opt/gbdk/include/gb/gb.h:1400: itm->y=y, itm->x=x;
      000233 78                     459 	ld	a, b
      000234 22                     460 	ld	(hl+), a
      000235 71                     461 	ld	(hl), c
                                    462 ;sprite_run.c:165: move_sprite(16, towerBlocation[0], towerBlocation[1] - 8);
      000236 FAr0Br00               463 	ld	a, (#(_towerBlocation + 1) + 0)
      000239 C6 F8                  464 	add	a, #0xf8
      00023B 47                     465 	ld	b, a
      00023C 21r0Ar00               466 	ld	hl, #_towerBlocation
      00023F 4E                     467 	ld	c, (hl)
                                    468 ;/opt/gbdk/include/gb/gb.h:1399: OAM_item_t * itm = &shadow_OAM[nb];
      000240 21r40r00               469 	ld	hl, #(_shadow_OAM + 64)
                                    470 ;/opt/gbdk/include/gb/gb.h:1400: itm->y=y, itm->x=x;
      000243 78                     471 	ld	a, b
      000244 22                     472 	ld	(hl+), a
      000245 71                     473 	ld	(hl), c
                                    474 ;sprite_run.c:167: move_sprite(14, towerBlocation[0] - 8, towerBlocation[1] - 8);
      000246 FAr0Br00               475 	ld	a, (#(_towerBlocation + 1) + 0)
      000249 C6 F8                  476 	add	a, #0xf8
      00024B 47                     477 	ld	b, a
      00024C FAr0Ar00               478 	ld	a, (#_towerBlocation + 0)
      00024F C6 F8                  479 	add	a, #0xf8
      000251 4F                     480 	ld	c, a
                                    481 ;/opt/gbdk/include/gb/gb.h:1399: OAM_item_t * itm = &shadow_OAM[nb];
      000252 21r38r00               482 	ld	hl, #(_shadow_OAM + 56)
                                    483 ;/opt/gbdk/include/gb/gb.h:1400: itm->y=y, itm->x=x;
      000255 78                     484 	ld	a, b
      000256 22                     485 	ld	(hl+), a
      000257 71                     486 	ld	(hl), c
                                    487 ;sprite_run.c:169: move_sprite(13, towerBlocation[0], towerBlocation[1] - 16);
      000258 FAr0Br00               488 	ld	a, (#(_towerBlocation + 1) + 0)
      00025B C6 F0                  489 	add	a, #0xf0
      00025D 47                     490 	ld	b, a
      00025E 21r0Ar00               491 	ld	hl, #_towerBlocation
      000261 4E                     492 	ld	c, (hl)
                                    493 ;/opt/gbdk/include/gb/gb.h:1399: OAM_item_t * itm = &shadow_OAM[nb];
      000262 21r34r00               494 	ld	hl, #(_shadow_OAM + 52)
                                    495 ;/opt/gbdk/include/gb/gb.h:1400: itm->y=y, itm->x=x;
      000265 78                     496 	ld	a, b
      000266 22                     497 	ld	(hl+), a
      000267 71                     498 	ld	(hl), c
                                    499 ;sprite_run.c:171: move_sprite(11, towerBlocation[0] - 8, towerBlocation[1] - 16);
      000268 FAr0Br00               500 	ld	a, (#(_towerBlocation + 1) + 0)
      00026B C6 F0                  501 	add	a, #0xf0
      00026D 47                     502 	ld	b, a
      00026E FAr0Ar00               503 	ld	a, (#_towerBlocation + 0)
      000271 C6 F8                  504 	add	a, #0xf8
      000273 4F                     505 	ld	c, a
                                    506 ;/opt/gbdk/include/gb/gb.h:1399: OAM_item_t * itm = &shadow_OAM[nb];
      000274 21r2Cr00               507 	ld	hl, #(_shadow_OAM + 44)
                                    508 ;/opt/gbdk/include/gb/gb.h:1400: itm->y=y, itm->x=x;
      000277 78                     509 	ld	a, b
      000278 22                     510 	ld	(hl+), a
      000279 71                     511 	ld	(hl), c
                                    512 ;sprite_run.c:173: move_sprite(12, towerBlocation[0], towerBlocation[1] - 24);
      00027A FAr0Br00               513 	ld	a, (#(_towerBlocation + 1) + 0)
      00027D C6 E8                  514 	add	a, #0xe8
      00027F 47                     515 	ld	b, a
      000280 21r0Ar00               516 	ld	hl, #_towerBlocation
      000283 4E                     517 	ld	c, (hl)
                                    518 ;/opt/gbdk/include/gb/gb.h:1399: OAM_item_t * itm = &shadow_OAM[nb];
      000284 21r30r00               519 	ld	hl, #(_shadow_OAM + 48)
                                    520 ;/opt/gbdk/include/gb/gb.h:1400: itm->y=y, itm->x=x;
      000287 78                     521 	ld	a, b
      000288 22                     522 	ld	(hl+), a
      000289 71                     523 	ld	(hl), c
                                    524 ;sprite_run.c:175: move_sprite(10, towerBlocation[0] - 8, towerBlocation[1] - 24);
      00028A FAr0Br00               525 	ld	a, (#(_towerBlocation + 1) + 0)
      00028D C6 E8                  526 	add	a, #0xe8
      00028F 47                     527 	ld	b, a
      000290 FAr0Ar00               528 	ld	a, (#_towerBlocation + 0)
      000293 C6 F8                  529 	add	a, #0xf8
      000295 4F                     530 	ld	c, a
                                    531 ;/opt/gbdk/include/gb/gb.h:1399: OAM_item_t * itm = &shadow_OAM[nb];
      000296 21r28r00               532 	ld	hl, #(_shadow_OAM + 40)
                                    533 ;/opt/gbdk/include/gb/gb.h:1400: itm->y=y, itm->x=x;
      000299 78                     534 	ld	a, b
      00029A 22                     535 	ld	(hl+), a
      00029B 71                     536 	ld	(hl), c
                                    537 ;sprite_run.c:179: move_sprite(25, towerClocation[0], towerClocation[1]);
      00029C 21r0Dr00               538 	ld	hl, #(_towerClocation + 1)
      00029F 46                     539 	ld	b, (hl)
      0002A0 21r0Cr00               540 	ld	hl, #_towerClocation
      0002A3 4E                     541 	ld	c, (hl)
                                    542 ;/opt/gbdk/include/gb/gb.h:1399: OAM_item_t * itm = &shadow_OAM[nb];
      0002A4 21r64r00               543 	ld	hl, #(_shadow_OAM + 100)
                                    544 ;/opt/gbdk/include/gb/gb.h:1400: itm->y=y, itm->x=x;
      0002A7 78                     545 	ld	a, b
      0002A8 22                     546 	ld	(hl+), a
      0002A9 71                     547 	ld	(hl), c
                                    548 ;sprite_run.c:181: move_sprite(23, towerClocation[0] - 8, towerClocation[1]);
      0002AA 21r0Dr00               549 	ld	hl, #(_towerClocation + 1)
      0002AD 46                     550 	ld	b, (hl)
      0002AE FAr0Cr00               551 	ld	a, (#_towerClocation + 0)
      0002B1 C6 F8                  552 	add	a, #0xf8
      0002B3 4F                     553 	ld	c, a
                                    554 ;/opt/gbdk/include/gb/gb.h:1399: OAM_item_t * itm = &shadow_OAM[nb];
      0002B4 21r5Cr00               555 	ld	hl, #(_shadow_OAM + 92)
                                    556 ;/opt/gbdk/include/gb/gb.h:1400: itm->y=y, itm->x=x;
      0002B7 78                     557 	ld	a, b
      0002B8 22                     558 	ld	(hl+), a
      0002B9 71                     559 	ld	(hl), c
                                    560 ;sprite_run.c:183: move_sprite(24, towerClocation[0], towerClocation[1] - 8);
      0002BA FAr0Dr00               561 	ld	a, (#(_towerClocation + 1) + 0)
      0002BD C6 F8                  562 	add	a, #0xf8
      0002BF 47                     563 	ld	b, a
      0002C0 21r0Cr00               564 	ld	hl, #_towerClocation
      0002C3 4E                     565 	ld	c, (hl)
                                    566 ;/opt/gbdk/include/gb/gb.h:1399: OAM_item_t * itm = &shadow_OAM[nb];
      0002C4 21r60r00               567 	ld	hl, #(_shadow_OAM + 96)
                                    568 ;/opt/gbdk/include/gb/gb.h:1400: itm->y=y, itm->x=x;
      0002C7 78                     569 	ld	a, b
      0002C8 22                     570 	ld	(hl+), a
      0002C9 71                     571 	ld	(hl), c
                                    572 ;sprite_run.c:185: move_sprite(22, towerClocation[0] - 8, towerClocation[1] - 8);
      0002CA FAr0Dr00               573 	ld	a, (#(_towerClocation + 1) + 0)
      0002CD C6 F8                  574 	add	a, #0xf8
      0002CF 47                     575 	ld	b, a
      0002D0 FAr0Cr00               576 	ld	a, (#_towerClocation + 0)
      0002D3 C6 F8                  577 	add	a, #0xf8
      0002D5 4F                     578 	ld	c, a
                                    579 ;/opt/gbdk/include/gb/gb.h:1399: OAM_item_t * itm = &shadow_OAM[nb];
      0002D6 21r58r00               580 	ld	hl, #(_shadow_OAM + 88)
                                    581 ;/opt/gbdk/include/gb/gb.h:1400: itm->y=y, itm->x=x;
      0002D9 78                     582 	ld	a, b
      0002DA 22                     583 	ld	(hl+), a
      0002DB 71                     584 	ld	(hl), c
                                    585 ;sprite_run.c:187: move_sprite(21, towerClocation[0], towerClocation[1] - 16);
      0002DC FAr0Dr00               586 	ld	a, (#(_towerClocation + 1) + 0)
      0002DF C6 F0                  587 	add	a, #0xf0
      0002E1 47                     588 	ld	b, a
      0002E2 21r0Cr00               589 	ld	hl, #_towerClocation
      0002E5 4E                     590 	ld	c, (hl)
                                    591 ;/opt/gbdk/include/gb/gb.h:1399: OAM_item_t * itm = &shadow_OAM[nb];
      0002E6 21r54r00               592 	ld	hl, #(_shadow_OAM + 84)
                                    593 ;/opt/gbdk/include/gb/gb.h:1400: itm->y=y, itm->x=x;
      0002E9 78                     594 	ld	a, b
      0002EA 22                     595 	ld	(hl+), a
      0002EB 71                     596 	ld	(hl), c
                                    597 ;sprite_run.c:189: move_sprite(19, towerClocation[0] - 8, towerClocation[1] - 16);
      0002EC FAr0Dr00               598 	ld	a, (#(_towerClocation + 1) + 0)
      0002EF C6 F0                  599 	add	a, #0xf0
      0002F1 47                     600 	ld	b, a
      0002F2 FAr0Cr00               601 	ld	a, (#_towerClocation + 0)
      0002F5 C6 F8                  602 	add	a, #0xf8
      0002F7 4F                     603 	ld	c, a
                                    604 ;/opt/gbdk/include/gb/gb.h:1399: OAM_item_t * itm = &shadow_OAM[nb];
      0002F8 21r4Cr00               605 	ld	hl, #(_shadow_OAM + 76)
                                    606 ;/opt/gbdk/include/gb/gb.h:1400: itm->y=y, itm->x=x;
      0002FB 78                     607 	ld	a, b
      0002FC 22                     608 	ld	(hl+), a
      0002FD 71                     609 	ld	(hl), c
                                    610 ;sprite_run.c:191: move_sprite(20, towerClocation[0], towerClocation[1] - 24);
      0002FE FAr0Dr00               611 	ld	a, (#(_towerClocation + 1) + 0)
      000301 C6 E8                  612 	add	a, #0xe8
      000303 47                     613 	ld	b, a
      000304 21r0Cr00               614 	ld	hl, #_towerClocation
      000307 4E                     615 	ld	c, (hl)
                                    616 ;/opt/gbdk/include/gb/gb.h:1399: OAM_item_t * itm = &shadow_OAM[nb];
      000308 21r50r00               617 	ld	hl, #(_shadow_OAM + 80)
                                    618 ;/opt/gbdk/include/gb/gb.h:1400: itm->y=y, itm->x=x;
      00030B 78                     619 	ld	a, b
      00030C 22                     620 	ld	(hl+), a
      00030D 71                     621 	ld	(hl), c
                                    622 ;sprite_run.c:193: move_sprite(18, towerClocation[0] - 8, towerClocation[1] - 24);
      00030E FAr0Dr00               623 	ld	a, (#(_towerClocation + 1) + 0)
      000311 C6 E8                  624 	add	a, #0xe8
      000313 47                     625 	ld	b, a
      000314 FAr0Cr00               626 	ld	a, (#_towerClocation + 0)
      000317 C6 F8                  627 	add	a, #0xf8
      000319 4F                     628 	ld	c, a
                                    629 ;/opt/gbdk/include/gb/gb.h:1399: OAM_item_t * itm = &shadow_OAM[nb];
      00031A 21r48r00               630 	ld	hl, #(_shadow_OAM + 72)
                                    631 ;/opt/gbdk/include/gb/gb.h:1400: itm->y=y, itm->x=x;
      00031D 78                     632 	ld	a, b
      00031E 22                     633 	ld	(hl+), a
      00031F 71                     634 	ld	(hl), c
                                    635 ;sprite_run.c:195: SHOW_BKG;
      000320 F0r00                  636 	ldh	a, (_LCDC_REG + 0)
      000322 F6 01                  637 	or	a, #0x01
      000324 E0r00                  638 	ldh	(_LCDC_REG + 0), a
                                    639 ;sprite_run.c:196: DISPLAY_ON;
      000326 F0r00                  640 	ldh	a, (_LCDC_REG + 0)
      000328 F6 80                  641 	or	a, #0x80
      00032A E0r00                  642 	ldh	(_LCDC_REG + 0), a
                                    643 ;sprite_run.c:197: SHOW_SPRITES;
      00032C F0r00                  644 	ldh	a, (_LCDC_REG + 0)
      00032E F6 02                  645 	or	a, #0x02
      000330 E0r00                  646 	ldh	(_LCDC_REG + 0), a
                                    647 ;sprite_run.c:199: while (1){
      000332                        648 00102$:
                                    649 ;sprite_run.c:201: selector();
      000332 CDr5Br03               650 	call	_selector
                                    651 ;sprite_run.c:202: crosshair();
      000335 CDrA5r03               652 	call	_crosshair
                                    653 ;sprite_run.c:203: status = 0;
      000338 21r00r00               654 	ld	hl, #_status
      00033B 36 00                  655 	ld	(hl), #0x00
                                    656 ;sprite_run.c:204: move_sprite(0, selectorlocation[0], selectorlocation[1]);
      00033D 21r05r00               657 	ld	hl, #_selectorlocation + 1
      000340 46                     658 	ld	b, (hl)
      000341 21r04r00               659 	ld	hl, #_selectorlocation
      000344 4E                     660 	ld	c, (hl)
                                    661 ;/opt/gbdk/include/gb/gb.h:1399: OAM_item_t * itm = &shadow_OAM[nb];
      000345 21r00r00               662 	ld	hl, #_shadow_OAM
                                    663 ;/opt/gbdk/include/gb/gb.h:1400: itm->y=y, itm->x=x;
      000348 78                     664 	ld	a, b
      000349 22                     665 	ld	(hl+), a
      00034A 71                     666 	ld	(hl), c
                                    667 ;sprite_run.c:205: move_sprite(1, outofthefuckingway[0], outofthefuckingway[1]);
      00034B 21r01r00               668 	ld	hl, #_outofthefuckingway + 1
      00034E 46                     669 	ld	b, (hl)
      00034F 21r00r00               670 	ld	hl, #_outofthefuckingway
      000352 4E                     671 	ld	c, (hl)
                                    672 ;/opt/gbdk/include/gb/gb.h:1399: OAM_item_t * itm = &shadow_OAM[nb];
      000353 21r04r00               673 	ld	hl, #(_shadow_OAM + 4)
                                    674 ;/opt/gbdk/include/gb/gb.h:1400: itm->y=y, itm->x=x;
      000356 78                     675 	ld	a, b
      000357 22                     676 	ld	(hl+), a
      000358 71                     677 	ld	(hl), c
                                    678 ;sprite_run.c:205: move_sprite(1, outofthefuckingway[0], outofthefuckingway[1]);
                                    679 ;sprite_run.c:207: } 
      000359 18 D7                  680 	jr	00102$
                                    681 ;sprite_run.c:209: void selector(){
                                    682 ;	---------------------------------
                                    683 ; Function selector
                                    684 ; ---------------------------------
      00035B                        685 _selector::
                                    686 ;sprite_run.c:210: if(status == 0){
      00035B FAr00r00               687 	ld	a, (#_status)
      00035E B7                     688 	or	a, a
      00035F C0                     689 	ret	NZ
                                    690 ;sprite_run.c:211: switch(joypad()){
      000360 CDr00r00               691 	call	_joypad
      000363 7B                     692 	ld	a, e
      000364 FE 01                  693 	cp	a, #0x01
      000366 28 2B                  694 	jr	Z, 00103$
      000368 FE 02                  695 	cp	a, #0x02
      00036A 28 15                  696 	jr	Z, 00102$
      00036C D6 08                  697 	sub	a, #0x08
      00036E C0                     698 	ret	NZ
                                    699 ;sprite_run.c:213: selectorlocation[0] = towerAlocation[0];
      00036F 01r04r00               700 	ld	bc, #_selectorlocation+0
      000372 11r08r00               701 	ld	de, #_towerAlocation+0
      000375 1A                     702 	ld	a, (de)
      000376 02                     703 	ld	(bc), a
                                    704 ;sprite_run.c:214: selectorlocation[1] = towerAlocation[1];
      000377 03                     705 	inc	bc
      000378 13                     706 	inc	de
      000379 1A                     707 	ld	a, (de)
      00037A 02                     708 	ld	(bc), a
                                    709 ;sprite_run.c:215: mappos = 0;
      00037B 21r01r00               710 	ld	hl, #_mappos
      00037E 36 00                  711 	ld	(hl), #0x00
                                    712 ;sprite_run.c:216: break;
      000380 C9                     713 	ret
                                    714 ;sprite_run.c:218: case J_LEFT:
      000381                        715 00102$:
                                    716 ;sprite_run.c:219: selectorlocation[0] = towerBlocation[0];
      000381 01r04r00               717 	ld	bc, #_selectorlocation+0
      000384 11r0Ar00               718 	ld	de, #_towerBlocation+0
      000387 1A                     719 	ld	a, (de)
      000388 02                     720 	ld	(bc), a
                                    721 ;sprite_run.c:220: selectorlocation[1] = towerBlocation[1];
      000389 03                     722 	inc	bc
      00038A 13                     723 	inc	de
      00038B 1A                     724 	ld	a, (de)
      00038C 02                     725 	ld	(bc), a
                                    726 ;sprite_run.c:221: mappos = 1;
      00038D 21r01r00               727 	ld	hl, #_mappos
      000390 36 01                  728 	ld	(hl), #0x01
                                    729 ;sprite_run.c:222: break;
      000392 C9                     730 	ret
                                    731 ;sprite_run.c:224: case J_RIGHT:
      000393                        732 00103$:
                                    733 ;sprite_run.c:225: selectorlocation[0] = towerClocation[0];
      000393 01r04r00               734 	ld	bc, #_selectorlocation+0
      000396 11r0Cr00               735 	ld	de, #_towerClocation+0
      000399 1A                     736 	ld	a, (de)
      00039A 02                     737 	ld	(bc), a
                                    738 ;sprite_run.c:226: selectorlocation[1] = towerClocation[1];
      00039B 03                     739 	inc	bc
      00039C 13                     740 	inc	de
      00039D 1A                     741 	ld	a, (de)
      00039E 02                     742 	ld	(bc), a
                                    743 ;sprite_run.c:227: mappos = 2;
      00039F 21r01r00               744 	ld	hl, #_mappos
      0003A2 36 02                  745 	ld	(hl), #0x02
                                    746 ;sprite_run.c:229: }
                                    747 ;sprite_run.c:232: }
      0003A4 C9                     748 	ret
                                    749 ;sprite_run.c:234: void crosshair(){
                                    750 ;	---------------------------------
                                    751 ; Function crosshair
                                    752 ; ---------------------------------
      0003A5                        753 _crosshair::
                                    754 ;sprite_run.c:235: while(joypad() & J_B){
      0003A5                        755 00115$:
      0003A5 CDr00r00               756 	call	_joypad
      0003A8 CB 6B                  757 	bit	5, e
      0003AA C8                     758 	ret	Z
                                    759 ;sprite_run.c:236: status = 1;
      0003AB 21r00r00               760 	ld	hl, #_status
      0003AE 36 01                  761 	ld	(hl), #0x01
                                    762 ;sprite_run.c:237: move_sprite(0, outofthefuckingway[0], outofthefuckingway[1]);
      0003B0 21r01r00               763 	ld	hl, #(_outofthefuckingway + 1)
      0003B3 46                     764 	ld	b, (hl)
      0003B4 21r00r00               765 	ld	hl, #_outofthefuckingway
      0003B7 4E                     766 	ld	c, (hl)
                                    767 ;/opt/gbdk/include/gb/gb.h:1399: OAM_item_t * itm = &shadow_OAM[nb];
      0003B8 21r00r00               768 	ld	hl, #_shadow_OAM
                                    769 ;/opt/gbdk/include/gb/gb.h:1400: itm->y=y, itm->x=x;
      0003BB 78                     770 	ld	a, b
      0003BC 22                     771 	ld	(hl+), a
      0003BD 71                     772 	ld	(hl), c
                                    773 ;sprite_run.c:239: if(joypad() & J_UP && crosshairlocation[1] >= 20){
      0003BE CDr00r00               774 	call	_joypad
      0003C1 CB 53                  775 	bit	2, e
      0003C3 28 0B                  776 	jr	Z, 00102$
      0003C5 FAr03r00               777 	ld	a, (#(_crosshairlocation + 1) + 0)
      0003C8 FE 14                  778 	cp	a, #0x14
      0003CA 38 04                  779 	jr	C, 00102$
                                    780 ;sprite_run.c:240: crosshairlocation[1] = crosshairlocation[1] - 1;
      0003CC 3D                     781 	dec	a
      0003CD EAr03r00               782 	ld	(#(_crosshairlocation + 1)),a
      0003D0                        783 00102$:
                                    784 ;sprite_run.c:242: if(joypad() & J_DOWN && crosshairlocation[1] <= towerAlocation[1]){
      0003D0 CDr00r00               785 	call	_joypad
      0003D3 CB 5B                  786 	bit	3, e
      0003D5 28 0F                  787 	jr	Z, 00105$
      0003D7 21r03r00               788 	ld	hl, #(_crosshairlocation + 1)
      0003DA 4E                     789 	ld	c, (hl)
      0003DB FAr09r00               790 	ld	a, (#(_towerAlocation + 1) + 0)
      0003DE 91                     791 	sub	a, c
      0003DF 38 05                  792 	jr	C, 00105$
                                    793 ;sprite_run.c:243: crosshairlocation[1] = crosshairlocation[1] + 1;
      0003E1 0C                     794 	inc	c
      0003E2 21r03r00               795 	ld	hl, #(_crosshairlocation + 1)
      0003E5 71                     796 	ld	(hl), c
      0003E6                        797 00105$:
                                    798 ;sprite_run.c:245: if(joypad() & J_LEFT && crosshairlocation[0] >= towerBlocation[0]){
      0003E6 CDr00r00               799 	call	_joypad
      0003E9 CB 4B                  800 	bit	1, e
      0003EB 28 0E                  801 	jr	Z, 00108$
      0003ED FAr02r00               802 	ld	a, (#_crosshairlocation + 0)
      0003F0 21r0Ar00               803 	ld	hl, #_towerBlocation
      0003F3 4E                     804 	ld	c, (hl)
      0003F4 B9                     805 	cp	a, c
      0003F5 38 04                  806 	jr	C, 00108$
                                    807 ;sprite_run.c:246: crosshairlocation[0] = crosshairlocation[0] - 1;
      0003F7 3D                     808 	dec	a
      0003F8 EAr02r00               809 	ld	(#_crosshairlocation),a
      0003FB                        810 00108$:
                                    811 ;sprite_run.c:248: if(joypad() & J_RIGHT && crosshairlocation[0] <= towerClocation[0]){
      0003FB CDr00r00               812 	call	_joypad
      0003FE 7B                     813 	ld	a, e
      0003FF 0F                     814 	rrca
      000400 30 0F                  815 	jr	NC, 00111$
      000402 21r02r00               816 	ld	hl, #_crosshairlocation
      000405 4E                     817 	ld	c, (hl)
      000406 FAr0Cr00               818 	ld	a, (#_towerClocation + 0)
      000409 91                     819 	sub	a, c
      00040A 38 05                  820 	jr	C, 00111$
                                    821 ;sprite_run.c:249: crosshairlocation[0] = crosshairlocation[0] + 1;
      00040C 0C                     822 	inc	c
      00040D 21r02r00               823 	ld	hl, #_crosshairlocation
      000410 71                     824 	ld	(hl), c
      000411                        825 00111$:
                                    826 ;sprite_run.c:252: if(joypad() & J_A){
      000411 CDr00r00               827 	call	_joypad
      000414 CB 63                  828 	bit	4, e
      000416 28 0E                  829 	jr	Z, 00114$
                                    830 ;sprite_run.c:254: move_sprite(26,  crosshairlocation[0], crosshairlocation[1]);
      000418 21r03r00               831 	ld	hl, #(_crosshairlocation + 1)
      00041B 46                     832 	ld	b, (hl)
      00041C 21r02r00               833 	ld	hl, #_crosshairlocation
      00041F 4E                     834 	ld	c, (hl)
                                    835 ;/opt/gbdk/include/gb/gb.h:1399: OAM_item_t * itm = &shadow_OAM[nb];
      000420 21r68r00               836 	ld	hl, #(_shadow_OAM + 104)
                                    837 ;/opt/gbdk/include/gb/gb.h:1400: itm->y=y, itm->x=x;
      000423 78                     838 	ld	a, b
      000424 22                     839 	ld	(hl+), a
      000425 71                     840 	ld	(hl), c
                                    841 ;sprite_run.c:254: move_sprite(26,  crosshairlocation[0], crosshairlocation[1]);
      000426                        842 00114$:
                                    843 ;sprite_run.c:256: move_sprite(1, crosshairlocation[0], crosshairlocation[1]);
      000426 21r03r00               844 	ld	hl, #(_crosshairlocation + 1)
      000429 4E                     845 	ld	c, (hl)
      00042A 21r02r00               846 	ld	hl, #_crosshairlocation
      00042D 46                     847 	ld	b, (hl)
                                    848 ;/opt/gbdk/include/gb/gb.h:1399: OAM_item_t * itm = &shadow_OAM[nb];
      00042E 21r04r00               849 	ld	hl, #(_shadow_OAM + 4)
                                    850 ;/opt/gbdk/include/gb/gb.h:1400: itm->y=y, itm->x=x;
      000431 79                     851 	ld	a, c
      000432 22                     852 	ld	(hl+), a
      000433 70                     853 	ld	(hl), b
                                    854 ;sprite_run.c:257: delay(8);
      000434 11 08 00               855 	ld	de, #0x0008
      000437 D5                     856 	push	de
      000438 CDr00r00               857 	call	_delay
      00043B E1                     858 	pop	hl
                                    859 ;sprite_run.c:259: }
      00043C C3rA5r03               860 	jp	00115$
                                    861 ;sprite_run.c:262: void keypress(){
                                    862 ;	---------------------------------
                                    863 ; Function keypress
                                    864 ; ---------------------------------
      00043F                        865 _keypress::
                                    866 ;sprite_run.c:263: if (keydown){
      00043F FAr07r00               867 	ld	a, (#_keydown)
      000442 B7                     868 	or	a, a
      000443 C8                     869 	ret	Z
                                    870 ;sprite_run.c:264: waitpadup();
      000444 CDr00r00               871 	call	_waitpadup
                                    872 ;sprite_run.c:265: keydown = 0;
      000447 21r07r00               873 	ld	hl, #_keydown
      00044A 36 00                  874 	ld	(hl), #0x00
                                    875 ;sprite_run.c:267: }
      00044C C9                     876 	ret
                                    877 ;sprite_run.c:282: void special(){
                                    878 ;	---------------------------------
                                    879 ; Function special
                                    880 ; ---------------------------------
      00044D                        881 _special::
                                    882 ;sprite_run.c:284: keypress(); 
      00044D CDr3Fr04               883 	call	_keypress
                                    884 ;sprite_run.c:285: specSel = 1;
      000450 21r06r00               885 	ld	hl, #_specSel
      000453 36 01                  886 	ld	(hl), #0x01
                                    887 ;sprite_run.c:287: if(joypad() & J_SELECT){
      000455 CDr00r00               888 	call	_joypad
      000458 CB 73                  889 	bit	6, e
      00045A 28 09                  890 	jr	Z, 00102$
                                    891 ;sprite_run.c:288: keydown = 1;
      00045C 21r07r00               892 	ld	hl, #_keydown
      00045F 36 01                  893 	ld	(hl), #0x01
                                    894 ;sprite_run.c:289: specSel += 1;
      000461 21r06r00               895 	ld	hl, #_specSel
      000464 34                     896 	inc	(hl)
      000465                        897 00102$:
                                    898 ;sprite_run.c:294: if (specSel > 3){
      000465 3E 03                  899 	ld	a, #0x03
      000467 21r06r00               900 	ld	hl, #_specSel
      00046A 96                     901 	sub	a, (hl)
      00046B D0                     902 	ret	NC
                                    903 ;sprite_run.c:295: specSel = 1;
      00046C 36 01                  904 	ld	(hl), #0x01
                                    905 ;sprite_run.c:297: }
      00046E C9                     906 	ret
                                    907 	.area _CODE
                                    908 	.area _INITIALIZER
      000000                        909 __xinit__status:
      000000 00                     910 	.db #0x00	; 0
      000001                        911 __xinit__mappos:
      000001 00                     912 	.db #0x00	; 0
      000002                        913 __xinit__spawn:
      000002 00                     914 	.db #0x00	; 0
      000003                        915 __xinit__spawnlocal:
      000003 00                     916 	.db #0x00	; 0
                                    917 	.area _CABS (ABS)
